============================= test session starts =============================
platform win32 -- Python 3.13.7, pytest-9.0.1, pluggy-1.6.0
rootdir: C:\Users\Vihaan\Desktop\Planner\backend
configfile: pytest.ini
testpaths: tests
plugins: anyio-4.11.0
collected 76 items

tests\test_auth.py EE..                                                  [  5%]
tests\test_exercise_logs.py FF.FF                                        [ 11%]
tests\test_exercises.py EEEEEE                                           [ 19%]
tests\test_gyms.py EEEEE                                                 [ 26%]
tests\test_health_metrics.py EEEEE                                       [ 32%]
tests\test_program_exercises.py EEEEE                                    [ 39%]
tests\test_programs.py EEE.EEEEEEEEEEEEE                                 [ 61%]
tests\test_trainees.py EEEEEEEE                                          [ 72%]
tests\test_trainers.py EEE.EEEEEEEEEEEEE                                 [ 94%]
tests\test_workout_sessions.py EEEE                                      [100%]

=================================== ERRORS ====================================
__________________ ERROR at setup of test_login_access_token __________________

db_session = <sqlalchemy.orm.session.Session object at 0x00000230259D1A90>

    @pytest.fixture(scope="function")
    def test_user(db_session: Session) -> None:
        """Fixture to create a user for login tests."""
>       user_in = TraineeCreate(
            email="test@example.com",
            password="testpassword",
            first_name="Test",
            last_name="User",
        )
E       pydantic_core._pydantic_core.ValidationError: 1 validation error for TraineeCreate
E       password
E         Value error, Password must contain at least one number [type=value_error, input_value='testpassword', input_type=str]
E           For further information visit https://errors.pydantic.dev/2.12/v/value_error

tests\test_auth.py:13: ValidationError
_______________ ERROR at setup of test_login_incorrect_password _______________

db_session = <sqlalchemy.orm.session.Session object at 0x00000230259D2270>

    @pytest.fixture(scope="function")
    def test_user(db_session: Session) -> None:
        """Fixture to create a user for login tests."""
>       user_in = TraineeCreate(
            email="test@example.com",
            password="testpassword",
            first_name="Test",
            last_name="User",
        )
E       pydantic_core._pydantic_core.ValidationError: 1 validation error for TraineeCreate
E       password
E         Value error, Password must contain at least one number [type=value_error, input_value='testpassword', input_type=str]
E           For further information visit https://errors.pydantic.dev/2.12/v/value_error

tests\test_auth.py:13: ValidationError
___________________ ERROR at setup of test_create_exercise ____________________

client = <starlette.testclient.TestClient object at 0x00000230259DACF0>
trainer_user = {'email': 'trainer@test.com', 'id': 1, 'password': 'trainer123'}

    @pytest.fixture()
    def trainer_headers(client: TestClient, trainer_user: dict) -> dict[str, str]:
        """Get authentication headers for trainer user."""
        login_data = {
            "username": trainer_user["email"],
            "password": trainer_user["password"],
        }
        response = client.post(
            f"{settings.API_V1_STR}/auth/login/access-token", data=login_data
        )
>       assert response.status_code == 200, f"Trainer login failed: {response.text}"
E       AssertionError: Trainer login failed: {"error":"Rate limit exceeded: 5 per 1 minute"}
E       assert 429 == 200
E        +  where 429 = <Response [429 Too Many Requests]>.status_code

tests\conftest.py:212: AssertionError
---------------------------- Captured stdout setup ----------------------------
{"timestamp": "2025-11-27 16:07:05,150", "level": "WARNING", "message": "ratelimit 5 per 1 minute (testclient) exceeded at endpoint: /api/v1/auth/login/access-token", "module": "extension", "function": "__evaluate_limits", "line": 510, "request_id": "7df8627a-a845-4337-ae90-a53f78aaf6f1"}
{"timestamp": "2025-11-27 16:07:05,151", "level": "INFO", "message": "HTTP Request: POST http://testserver/api/v1/auth/login/access-token \"HTTP/1.1 429 Too Many Requests\"", "module": "_client", "function": "_send_single_request", "line": 1025}
----------------------------- Captured log setup ------------------------------
WARNING  slowapi:extension.py:510 ratelimit 5 per 1 minute (testclient) exceeded at endpoint: /api/v1/auth/login/access-token
INFO     httpx:_client.py:1025 HTTP Request: POST http://testserver/api/v1/auth/login/access-token "HTTP/1.1 429 Too Many Requests"
______ ERROR at setup of test_create_exercise_duplicate_name_returns_400 ______

client = <starlette.testclient.TestClient object at 0x00000230259DBDF0>
trainer_user = {'email': 'trainer@test.com', 'id': 1, 'password': 'trainer123'}

    @pytest.fixture()
    def trainer_headers(client: TestClient, trainer_user: dict) -> dict[str, str]:
        """Get authentication headers for trainer user."""
        login_data = {
            "username": trainer_user["email"],
            "password": trainer_user["password"],
        }
        response = client.post(
            f"{settings.API_V1_STR}/auth/login/access-token", data=login_data
        )
>       assert response.status_code == 200, f"Trainer login failed: {response.text}"
E       AssertionError: Trainer login failed: {"error":"Rate limit exceeded: 5 per 1 minute"}
E       assert 429 == 200
E        +  where 429 = <Response [429 Too Many Requests]>.status_code

tests\conftest.py:212: AssertionError
---------------------------- Captured stdout setup ----------------------------
{"timestamp": "2025-11-27 16:07:05,202", "level": "WARNING", "message": "ratelimit 5 per 1 minute (testclient) exceeded at endpoint: /api/v1/auth/login/access-token", "module": "extension", "function": "__evaluate_limits", "line": 510, "request_id": "6498dc71-6f28-4557-a97a-601626a462f7"}
{"timestamp": "2025-11-27 16:07:05,204", "level": "INFO", "message": "HTTP Request: POST http://testserver/api/v1/auth/login/access-token \"HTTP/1.1 429 Too Many Requests\"", "module": "_client", "function": "_send_single_request", "line": 1025}
----------------------------- Captured log setup ------------------------------
WARNING  slowapi:extension.py:510 ratelimit 5 per 1 minute (testclient) exceeded at endpoint: /api/v1/auth/login/access-token
INFO     httpx:_client.py:1025 HTTP Request: POST http://testserver/api/v1/auth/login/access-token "HTTP/1.1 429 Too Many Requests"
____________________ ERROR at setup of test_read_exercise _____________________

client = <starlette.testclient.TestClient object at 0x00000230259DB790>
trainer_user = {'email': 'trainer@test.com', 'id': 1, 'password': 'trainer123'}

    @pytest.fixture()
    def trainer_headers(client: TestClient, trainer_user: dict) -> dict[str, str]:
        """Get authentication headers for trainer user."""
        login_data = {
            "username": trainer_user["email"],
            "password": trainer_user["password"],
        }
        response = client.post(
            f"{settings.API_V1_STR}/auth/login/access-token", data=login_data
        )
>       assert response.status_code == 200, f"Trainer login failed: {response.text}"
E       AssertionError: Trainer login failed: {"error":"Rate limit exceeded: 5 per 1 minute"}
E       assert 429 == 200
E        +  where 429 = <Response [429 Too Many Requests]>.status_code

tests\conftest.py:212: AssertionError
---------------------------- Captured stdout setup ----------------------------
{"timestamp": "2025-11-27 16:07:05,249", "level": "WARNING", "message": "ratelimit 5 per 1 minute (testclient) exceeded at endpoint: /api/v1/auth/login/access-token", "module": "extension", "function": "__evaluate_limits", "line": 510, "request_id": "74318736-7958-447f-97d5-3542a2319127"}
{"timestamp": "2025-11-27 16:07:05,250", "level": "INFO", "message": "HTTP Request: POST http://testserver/api/v1/auth/login/access-token \"HTTP/1.1 429 Too Many Requests\"", "module": "_client", "function": "_send_single_request", "line": 1025}
----------------------------- Captured log setup ------------------------------
WARNING  slowapi:extension.py:510 ratelimit 5 per 1 minute (testclient) exceeded at endpoint: /api/v1/auth/login/access-token
INFO     httpx:_client.py:1025 HTTP Request: POST http://testserver/api/v1/auth/login/access-token "HTTP/1.1 429 Too Many Requests"
____________________ ERROR at setup of test_read_exercises ____________________

client = <starlette.testclient.TestClient object at 0x0000023025C7FCE0>
trainer_user = {'email': 'trainer@test.com', 'id': 1, 'password': 'trainer123'}

    @pytest.fixture()
    def trainer_headers(client: TestClient, trainer_user: dict) -> dict[str, str]:
        """Get authentication headers for trainer user."""
        login_data = {
            "username": trainer_user["email"],
            "password": trainer_user["password"],
        }
        response = client.post(
            f"{settings.API_V1_STR}/auth/login/access-token", data=login_data
        )
>       assert response.status_code == 200, f"Trainer login failed: {response.text}"
E       AssertionError: Trainer login failed: {"error":"Rate limit exceeded: 5 per 1 minute"}
E       assert 429 == 200
E        +  where 429 = <Response [429 Too Many Requests]>.status_code

tests\conftest.py:212: AssertionError
---------------------------- Captured stdout setup ----------------------------
{"timestamp": "2025-11-27 16:07:05,306", "level": "WARNING", "message": "ratelimit 5 per 1 minute (testclient) exceeded at endpoint: /api/v1/auth/login/access-token", "module": "extension", "function": "__evaluate_limits", "line": 510, "request_id": "aa08ef95-68fd-45f6-aa52-764df35709ee"}
{"timestamp": "2025-11-27 16:07:05,309", "level": "INFO", "message": "HTTP Request: POST http://testserver/api/v1/auth/login/access-token \"HTTP/1.1 429 Too Many Requests\"", "module": "_client", "function": "_send_single_request", "line": 1025}
----------------------------- Captured log setup ------------------------------
WARNING  slowapi:extension.py:510 ratelimit 5 per 1 minute (testclient) exceeded at endpoint: /api/v1/auth/login/access-token
INFO     httpx:_client.py:1025 HTTP Request: POST http://testserver/api/v1/auth/login/access-token "HTTP/1.1 429 Too Many Requests"
___________________ ERROR at setup of test_update_exercise ____________________

client = <starlette.testclient.TestClient object at 0x0000023025C7E030>
trainer_user = {'email': 'trainer@test.com', 'id': 1, 'password': 'trainer123'}

    @pytest.fixture()
    def trainer_headers(client: TestClient, trainer_user: dict) -> dict[str, str]:
        """Get authentication headers for trainer user."""
        login_data = {
            "username": trainer_user["email"],
            "password": trainer_user["password"],
        }
        response = client.post(
            f"{settings.API_V1_STR}/auth/login/access-token", data=login_data
        )
>       assert response.status_code == 200, f"Trainer login failed: {response.text}"
E       AssertionError: Trainer login failed: {"error":"Rate limit exceeded: 5 per 1 minute"}
E       assert 429 == 200
E        +  where 429 = <Response [429 Too Many Requests]>.status_code

tests\conftest.py:212: AssertionError
---------------------------- Captured stdout setup ----------------------------
{"timestamp": "2025-11-27 16:07:05,366", "level": "WARNING", "message": "ratelimit 5 per 1 minute (testclient) exceeded at endpoint: /api/v1/auth/login/access-token", "module": "extension", "function": "__evaluate_limits", "line": 510, "request_id": "a052baec-de3f-4976-9495-0554032c504f"}
{"timestamp": "2025-11-27 16:07:05,368", "level": "INFO", "message": "HTTP Request: POST http://testserver/api/v1/auth/login/access-token \"HTTP/1.1 429 Too Many Requests\"", "module": "_client", "function": "_send_single_request", "line": 1025}
----------------------------- Captured log setup ------------------------------
WARNING  slowapi:extension.py:510 ratelimit 5 per 1 minute (testclient) exceeded at endpoint: /api/v1/auth/login/access-token
INFO     httpx:_client.py:1025 HTTP Request: POST http://testserver/api/v1/auth/login/access-token "HTTP/1.1 429 Too Many Requests"
___________________ ERROR at setup of test_delete_exercise ____________________

client = <starlette.testclient.TestClient object at 0x0000023025C7DAE0>
trainer_user = {'email': 'trainer@test.com', 'id': 1, 'password': 'trainer123'}

    @pytest.fixture()
    def trainer_headers(client: TestClient, trainer_user: dict) -> dict[str, str]:
        """Get authentication headers for trainer user."""
        login_data = {
            "username": trainer_user["email"],
            "password": trainer_user["password"],
        }
        response = client.post(
            f"{settings.API_V1_STR}/auth/login/access-token", data=login_data
        )
>       assert response.status_code == 200, f"Trainer login failed: {response.text}"
E       AssertionError: Trainer login failed: {"error":"Rate limit exceeded: 5 per 1 minute"}
E       assert 429 == 200
E        +  where 429 = <Response [429 Too Many Requests]>.status_code

tests\conftest.py:212: AssertionError
---------------------------- Captured stdout setup ----------------------------
{"timestamp": "2025-11-27 16:07:05,423", "level": "WARNING", "message": "ratelimit 5 per 1 minute (testclient) exceeded at endpoint: /api/v1/auth/login/access-token", "module": "extension", "function": "__evaluate_limits", "line": 510, "request_id": "3900a9c7-025c-422c-b88c-7fe6eb601874"}
{"timestamp": "2025-11-27 16:07:05,425", "level": "INFO", "message": "HTTP Request: POST http://testserver/api/v1/auth/login/access-token \"HTTP/1.1 429 Too Many Requests\"", "module": "_client", "function": "_send_single_request", "line": 1025}
----------------------------- Captured log setup ------------------------------
WARNING  slowapi:extension.py:510 ratelimit 5 per 1 minute (testclient) exceeded at endpoint: /api/v1/auth/login/access-token
INFO     httpx:_client.py:1025 HTTP Request: POST http://testserver/api/v1/auth/login/access-token "HTTP/1.1 429 Too Many Requests"
______________________ ERROR at setup of test_create_gym ______________________

client = <starlette.testclient.TestClient object at 0x0000023025C7E580>
db_session = <sqlalchemy.orm.session.Session object at 0x00000230259D23C0>

    @pytest.fixture()
    def auth_headers(client: TestClient, db_session) -> dict[str, str]:
        """
        Create a test user and return authentication headers with valid JWT token.
        This fixture can be used to authenticate requests in tests.
        """
        # Try to create a test user, but handle the case where it already exists
        user_in = TraineeCreate(
            email="testuser@example.com",
            password="testpassword123",
            first_name="Test",
            last_name="User",
        )
    
        # Check if user already exists
        from app.auth.crud import get_user_by_email
        existing_user = get_user_by_email(db_session, email=user_in.email)
    
        if not existing_user:
            create_user(db_session, obj_in=user_in)
    
        # Log in to get access token
        login_data = {
            "username": "testuser@example.com",
            "password": "testpassword123",
        }
        response = client.post(
            f"{settings.API_V1_STR}/auth/login/access-token", data=login_data
        )
    
>       assert response.status_code == 200, f"Login failed: {response.text}"
E       AssertionError: Login failed: {"error":"Rate limit exceeded: 5 per 1 minute"}
E       assert 429 == 200
E        +  where 429 = <Response [429 Too Many Requests]>.status_code

tests\conftest.py:111: AssertionError
---------------------------- Captured stdout setup ----------------------------
{"timestamp": "2025-11-27 16:07:05,482", "level": "WARNING", "message": "ratelimit 5 per 1 minute (testclient) exceeded at endpoint: /api/v1/auth/login/access-token", "module": "extension", "function": "__evaluate_limits", "line": 510, "request_id": "201db19f-58e7-4de8-be7b-9f11c21e0a5d"}
{"timestamp": "2025-11-27 16:07:05,483", "level": "INFO", "message": "HTTP Request: POST http://testserver/api/v1/auth/login/access-token \"HTTP/1.1 429 Too Many Requests\"", "module": "_client", "function": "_send_single_request", "line": 1025}
----------------------------- Captured log setup ------------------------------
WARNING  slowapi:extension.py:510 ratelimit 5 per 1 minute (testclient) exceeded at endpoint: /api/v1/auth/login/access-token
INFO     httpx:_client.py:1025 HTTP Request: POST http://testserver/api/v1/auth/login/access-token "HTTP/1.1 429 Too Many Requests"
_______________________ ERROR at setup of test_read_gym _______________________

client = <starlette.testclient.TestClient object at 0x0000023025C7F790>
db_session = <sqlalchemy.orm.session.Session object at 0x00000230259D27B0>

    @pytest.fixture()
    def auth_headers(client: TestClient, db_session) -> dict[str, str]:
        """
        Create a test user and return authentication headers with valid JWT token.
        This fixture can be used to authenticate requests in tests.
        """
        # Try to create a test user, but handle the case where it already exists
        user_in = TraineeCreate(
            email="testuser@example.com",
            password="testpassword123",
            first_name="Test",
            last_name="User",
        )
    
        # Check if user already exists
        from app.auth.crud import get_user_by_email
        existing_user = get_user_by_email(db_session, email=user_in.email)
    
        if not existing_user:
            create_user(db_session, obj_in=user_in)
    
        # Log in to get access token
        login_data = {
            "username": "testuser@example.com",
            "password": "testpassword123",
        }
        response = client.post(
            f"{settings.API_V1_STR}/auth/login/access-token", data=login_data
        )
    
>       assert response.status_code == 200, f"Login failed: {response.text}"
E       AssertionError: Login failed: {"error":"Rate limit exceeded: 5 per 1 minute"}
E       assert 429 == 200
E        +  where 429 = <Response [429 Too Many Requests]>.status_code

tests\conftest.py:111: AssertionError
---------------------------- Captured stdout setup ----------------------------
{"timestamp": "2025-11-27 16:07:05,528", "level": "WARNING", "message": "ratelimit 5 per 1 minute (testclient) exceeded at endpoint: /api/v1/auth/login/access-token", "module": "extension", "function": "__evaluate_limits", "line": 510, "request_id": "7cf89768-5a40-43e4-9a1f-12ac3bb3f9b7"}
{"timestamp": "2025-11-27 16:07:05,530", "level": "INFO", "message": "HTTP Request: POST http://testserver/api/v1/auth/login/access-token \"HTTP/1.1 429 Too Many Requests\"", "module": "_client", "function": "_send_single_request", "line": 1025}
----------------------------- Captured log setup ------------------------------
WARNING  slowapi:extension.py:510 ratelimit 5 per 1 minute (testclient) exceeded at endpoint: /api/v1/auth/login/access-token
INFO     httpx:_client.py:1025 HTTP Request: POST http://testserver/api/v1/auth/login/access-token "HTTP/1.1 429 Too Many Requests"
______________________ ERROR at setup of test_read_gyms _______________________

client = <starlette.testclient.TestClient object at 0x0000023025C7F8A0>
db_session = <sqlalchemy.orm.session.Session object at 0x00000230259D2CF0>

    @pytest.fixture()
    def auth_headers(client: TestClient, db_session) -> dict[str, str]:
        """
        Create a test user and return authentication headers with valid JWT token.
        This fixture can be used to authenticate requests in tests.
        """
        # Try to create a test user, but handle the case where it already exists
        user_in = TraineeCreate(
            email="testuser@example.com",
            password="testpassword123",
            first_name="Test",
            last_name="User",
        )
    
        # Check if user already exists
        from app.auth.crud import get_user_by_email
        existing_user = get_user_by_email(db_session, email=user_in.email)
    
        if not existing_user:
            create_user(db_session, obj_in=user_in)
    
        # Log in to get access token
        login_data = {
            "username": "testuser@example.com",
            "password": "testpassword123",
        }
        response = client.post(
            f"{settings.API_V1_STR}/auth/login/access-token", data=login_data
        )
    
>       assert response.status_code == 200, f"Login failed: {response.text}"
E       AssertionError: Login failed: {"error":"Rate limit exceeded: 5 per 1 minute"}
E       assert 429 == 200
E        +  where 429 = <Response [429 Too Many Requests]>.status_code

tests\conftest.py:111: AssertionError
---------------------------- Captured stdout setup ----------------------------
{"timestamp": "2025-11-27 16:07:05,590", "level": "WARNING", "message": "ratelimit 5 per 1 minute (testclient) exceeded at endpoint: /api/v1/auth/login/access-token", "module": "extension", "function": "__evaluate_limits", "line": 510, "request_id": "7062611d-e6a6-4804-90e2-8572d1e2b84d"}
{"timestamp": "2025-11-27 16:07:05,591", "level": "INFO", "message": "HTTP Request: POST http://testserver/api/v1/auth/login/access-token \"HTTP/1.1 429 Too Many Requests\"", "module": "_client", "function": "_send_single_request", "line": 1025}
----------------------------- Captured log setup ------------------------------
WARNING  slowapi:extension.py:510 ratelimit 5 per 1 minute (testclient) exceeded at endpoint: /api/v1/auth/login/access-token
INFO     httpx:_client.py:1025 HTTP Request: POST http://testserver/api/v1/auth/login/access-token "HTTP/1.1 429 Too Many Requests"
______________________ ERROR at setup of test_update_gym ______________________

client = <starlette.testclient.TestClient object at 0x0000023025C7FDF0>
db_session = <sqlalchemy.orm.session.Session object at 0x0000023025AEFB60>

    @pytest.fixture()
    def auth_headers(client: TestClient, db_session) -> dict[str, str]:
        """
        Create a test user and return authentication headers with valid JWT token.
        This fixture can be used to authenticate requests in tests.
        """
        # Try to create a test user, but handle the case where it already exists
        user_in = TraineeCreate(
            email="testuser@example.com",
            password="testpassword123",
            first_name="Test",
            last_name="User",
        )
    
        # Check if user already exists
        from app.auth.crud import get_user_by_email
        existing_user = get_user_by_email(db_session, email=user_in.email)
    
        if not existing_user:
            create_user(db_session, obj_in=user_in)
    
        # Log in to get access token
        login_data = {
            "username": "testuser@example.com",
            "password": "testpassword123",
        }
        response = client.post(
            f"{settings.API_V1_STR}/auth/login/access-token", data=login_data
        )
    
>       assert response.status_code == 200, f"Login failed: {response.text}"
E       AssertionError: Login failed: {"error":"Rate limit exceeded: 5 per 1 minute"}
E       assert 429 == 200
E        +  where 429 = <Response [429 Too Many Requests]>.status_code

tests\conftest.py:111: AssertionError
---------------------------- Captured stdout setup ----------------------------
{"timestamp": "2025-11-27 16:07:05,639", "level": "WARNING", "message": "ratelimit 5 per 1 minute (testclient) exceeded at endpoint: /api/v1/auth/login/access-token", "module": "extension", "function": "__evaluate_limits", "line": 510, "request_id": "15173a09-82ad-4100-b436-c27c28b9adff"}
{"timestamp": "2025-11-27 16:07:05,641", "level": "INFO", "message": "HTTP Request: POST http://testserver/api/v1/auth/login/access-token \"HTTP/1.1 429 Too Many Requests\"", "module": "_client", "function": "_send_single_request", "line": 1025}
----------------------------- Captured log setup ------------------------------
WARNING  slowapi:extension.py:510 ratelimit 5 per 1 minute (testclient) exceeded at endpoint: /api/v1/auth/login/access-token
INFO     httpx:_client.py:1025 HTTP Request: POST http://testserver/api/v1/auth/login/access-token "HTTP/1.1 429 Too Many Requests"
______________________ ERROR at setup of test_delete_gym ______________________

client = <starlette.testclient.TestClient object at 0x0000023025C7FCE0>
db_session = <sqlalchemy.orm.session.Session object at 0x0000023025AEF770>

    @pytest.fixture()
    def auth_headers(client: TestClient, db_session) -> dict[str, str]:
        """
        Create a test user and return authentication headers with valid JWT token.
        This fixture can be used to authenticate requests in tests.
        """
        # Try to create a test user, but handle the case where it already exists
        user_in = TraineeCreate(
            email="testuser@example.com",
            password="testpassword123",
            first_name="Test",
            last_name="User",
        )
    
        # Check if user already exists
        from app.auth.crud import get_user_by_email
        existing_user = get_user_by_email(db_session, email=user_in.email)
    
        if not existing_user:
            create_user(db_session, obj_in=user_in)
    
        # Log in to get access token
        login_data = {
            "username": "testuser@example.com",
            "password": "testpassword123",
        }
        response = client.post(
            f"{settings.API_V1_STR}/auth/login/access-token", data=login_data
        )
    
>       assert response.status_code == 200, f"Login failed: {response.text}"
E       AssertionError: Login failed: {"error":"Rate limit exceeded: 5 per 1 minute"}
E       assert 429 == 200
E        +  where 429 = <Response [429 Too Many Requests]>.status_code

tests\conftest.py:111: AssertionError
---------------------------- Captured stdout setup ----------------------------
{"timestamp": "2025-11-27 16:07:05,685", "level": "WARNING", "message": "ratelimit 5 per 1 minute (testclient) exceeded at endpoint: /api/v1/auth/login/access-token", "module": "extension", "function": "__evaluate_limits", "line": 510, "request_id": "795a75bd-ab98-460a-8d6a-d9ee66b38ad3"}
{"timestamp": "2025-11-27 16:07:05,686", "level": "INFO", "message": "HTTP Request: POST http://testserver/api/v1/auth/login/access-token \"HTTP/1.1 429 Too Many Requests\"", "module": "_client", "function": "_send_single_request", "line": 1025}
----------------------------- Captured log setup ------------------------------
WARNING  slowapi:extension.py:510 ratelimit 5 per 1 minute (testclient) exceeded at endpoint: /api/v1/auth/login/access-token
INFO     httpx:_client.py:1025 HTTP Request: POST http://testserver/api/v1/auth/login/access-token "HTTP/1.1 429 Too Many Requests"
_________________ ERROR at setup of test_create_health_metric _________________

client = <starlette.testclient.TestClient object at 0x0000023025C7DF20>
db_session = <sqlalchemy.orm.session.Session object at 0x0000023025AEF380>

    @pytest.fixture()
    def auth_headers(client: TestClient, db_session) -> dict[str, str]:
        """
        Create a test user and return authentication headers with valid JWT token.
        This fixture can be used to authenticate requests in tests.
        """
        # Try to create a test user, but handle the case where it already exists
        user_in = TraineeCreate(
            email="testuser@example.com",
            password="testpassword123",
            first_name="Test",
            last_name="User",
        )
    
        # Check if user already exists
        from app.auth.crud import get_user_by_email
        existing_user = get_user_by_email(db_session, email=user_in.email)
    
        if not existing_user:
            create_user(db_session, obj_in=user_in)
    
        # Log in to get access token
        login_data = {
            "username": "testuser@example.com",
            "password": "testpassword123",
        }
        response = client.post(
            f"{settings.API_V1_STR}/auth/login/access-token", data=login_data
        )
    
>       assert response.status_code == 200, f"Login failed: {response.text}"
E       AssertionError: Login failed: {"error":"Rate limit exceeded: 5 per 1 minute"}
E       assert 429 == 200
E        +  where 429 = <Response [429 Too Many Requests]>.status_code

tests\conftest.py:111: AssertionError
---------------------------- Captured stdout setup ----------------------------
{"timestamp": "2025-11-27 16:07:05,741", "level": "WARNING", "message": "ratelimit 5 per 1 minute (testclient) exceeded at endpoint: /api/v1/auth/login/access-token", "module": "extension", "function": "__evaluate_limits", "line": 510, "request_id": "b556a211-5e50-46eb-bcd8-7cb678ce8311"}
{"timestamp": "2025-11-27 16:07:05,742", "level": "INFO", "message": "HTTP Request: POST http://testserver/api/v1/auth/login/access-token \"HTTP/1.1 429 Too Many Requests\"", "module": "_client", "function": "_send_single_request", "line": 1025}
----------------------------- Captured log setup ------------------------------
WARNING  slowapi:extension.py:510 ratelimit 5 per 1 minute (testclient) exceeded at endpoint: /api/v1/auth/login/access-token
INFO     httpx:_client.py:1025 HTTP Request: POST http://testserver/api/v1/auth/login/access-token "HTTP/1.1 429 Too Many Requests"
__________________ ERROR at setup of test_read_health_metric __________________

client = <starlette.testclient.TestClient object at 0x0000023025C7D040>
trainer_user = {'email': 'trainer@test.com', 'id': 1, 'password': 'trainer123'}

    @pytest.fixture()
    def trainer_headers(client: TestClient, trainer_user: dict) -> dict[str, str]:
        """Get authentication headers for trainer user."""
        login_data = {
            "username": trainer_user["email"],
            "password": trainer_user["password"],
        }
        response = client.post(
            f"{settings.API_V1_STR}/auth/login/access-token", data=login_data
        )
>       assert response.status_code == 200, f"Trainer login failed: {response.text}"
E       AssertionError: Trainer login failed: {"error":"Rate limit exceeded: 5 per 1 minute"}
E       assert 429 == 200
E        +  where 429 = <Response [429 Too Many Requests]>.status_code

tests\conftest.py:212: AssertionError
---------------------------- Captured stdout setup ----------------------------
{"timestamp": "2025-11-27 16:07:05,790", "level": "WARNING", "message": "ratelimit 5 per 1 minute (testclient) exceeded at endpoint: /api/v1/auth/login/access-token", "module": "extension", "function": "__evaluate_limits", "line": 510, "request_id": "c9b049b5-9745-42b7-807d-65e22b6dd86c"}
{"timestamp": "2025-11-27 16:07:05,791", "level": "INFO", "message": "HTTP Request: POST http://testserver/api/v1/auth/login/access-token \"HTTP/1.1 429 Too Many Requests\"", "module": "_client", "function": "_send_single_request", "line": 1025}
----------------------------- Captured log setup ------------------------------
WARNING  slowapi:extension.py:510 ratelimit 5 per 1 minute (testclient) exceeded at endpoint: /api/v1/auth/login/access-token
INFO     httpx:_client.py:1025 HTTP Request: POST http://testserver/api/v1/auth/login/access-token "HTTP/1.1 429 Too Many Requests"
_________________ ERROR at setup of test_read_health_metrics __________________

client = <starlette.testclient.TestClient object at 0x0000023025C7C5A0>
trainer_user = {'email': 'trainer@test.com', 'id': 1, 'password': 'trainer123'}

    @pytest.fixture()
    def trainer_headers(client: TestClient, trainer_user: dict) -> dict[str, str]:
        """Get authentication headers for trainer user."""
        login_data = {
            "username": trainer_user["email"],
            "password": trainer_user["password"],
        }
        response = client.post(
            f"{settings.API_V1_STR}/auth/login/access-token", data=login_data
        )
>       assert response.status_code == 200, f"Trainer login failed: {response.text}"
E       AssertionError: Trainer login failed: {"error":"Rate limit exceeded: 5 per 1 minute"}
E       assert 429 == 200
E        +  where 429 = <Response [429 Too Many Requests]>.status_code

tests\conftest.py:212: AssertionError
---------------------------- Captured stdout setup ----------------------------
{"timestamp": "2025-11-27 16:07:05,845", "level": "WARNING", "message": "ratelimit 5 per 1 minute (testclient) exceeded at endpoint: /api/v1/auth/login/access-token", "module": "extension", "function": "__evaluate_limits", "line": 510, "request_id": "8b5f4c6a-e846-4db0-b962-a4f66b2f6d15"}
{"timestamp": "2025-11-27 16:07:05,847", "level": "INFO", "message": "HTTP Request: POST http://testserver/api/v1/auth/login/access-token \"HTTP/1.1 429 Too Many Requests\"", "module": "_client", "function": "_send_single_request", "line": 1025}
----------------------------- Captured log setup ------------------------------
WARNING  slowapi:extension.py:510 ratelimit 5 per 1 minute (testclient) exceeded at endpoint: /api/v1/auth/login/access-token
INFO     httpx:_client.py:1025 HTTP Request: POST http://testserver/api/v1/auth/login/access-token "HTTP/1.1 429 Too Many Requests"
_________________ ERROR at setup of test_update_health_metric _________________

client = <starlette.testclient.TestClient object at 0x0000023025C7E250>
db_session = <sqlalchemy.orm.session.Session object at 0x0000023025AEDE80>

    @pytest.fixture()
    def auth_headers(client: TestClient, db_session) -> dict[str, str]:
        """
        Create a test user and return authentication headers with valid JWT token.
        This fixture can be used to authenticate requests in tests.
        """
        # Try to create a test user, but handle the case where it already exists
        user_in = TraineeCreate(
            email="testuser@example.com",
            password="testpassword123",
            first_name="Test",
            last_name="User",
        )
    
        # Check if user already exists
        from app.auth.crud import get_user_by_email
        existing_user = get_user_by_email(db_session, email=user_in.email)
    
        if not existing_user:
            create_user(db_session, obj_in=user_in)
    
        # Log in to get access token
        login_data = {
            "username": "testuser@example.com",
            "password": "testpassword123",
        }
        response = client.post(
            f"{settings.API_V1_STR}/auth/login/access-token", data=login_data
        )
    
>       assert response.status_code == 200, f"Login failed: {response.text}"
E       AssertionError: Login failed: {"error":"Rate limit exceeded: 5 per 1 minute"}
E       assert 429 == 200
E        +  where 429 = <Response [429 Too Many Requests]>.status_code

tests\conftest.py:111: AssertionError
---------------------------- Captured stdout setup ----------------------------
{"timestamp": "2025-11-27 16:07:05,900", "level": "WARNING", "message": "ratelimit 5 per 1 minute (testclient) exceeded at endpoint: /api/v1/auth/login/access-token", "module": "extension", "function": "__evaluate_limits", "line": 510, "request_id": "9d501a6e-492b-408b-afb1-efaa2d0eef76"}
{"timestamp": "2025-11-27 16:07:05,902", "level": "INFO", "message": "HTTP Request: POST http://testserver/api/v1/auth/login/access-token \"HTTP/1.1 429 Too Many Requests\"", "module": "_client", "function": "_send_single_request", "line": 1025}
----------------------------- Captured log setup ------------------------------
WARNING  slowapi:extension.py:510 ratelimit 5 per 1 minute (testclient) exceeded at endpoint: /api/v1/auth/login/access-token
INFO     httpx:_client.py:1025 HTTP Request: POST http://testserver/api/v1/auth/login/access-token "HTTP/1.1 429 Too Many Requests"
_________________ ERROR at setup of test_delete_health_metric _________________

client = <starlette.testclient.TestClient object at 0x0000023025E2F460>
db_session = <sqlalchemy.orm.session.Session object at 0x0000023025AEDFD0>

    @pytest.fixture()
    def auth_headers(client: TestClient, db_session) -> dict[str, str]:
        """
        Create a test user and return authentication headers with valid JWT token.
        This fixture can be used to authenticate requests in tests.
        """
        # Try to create a test user, but handle the case where it already exists
        user_in = TraineeCreate(
            email="testuser@example.com",
            password="testpassword123",
            first_name="Test",
            last_name="User",
        )
    
        # Check if user already exists
        from app.auth.crud import get_user_by_email
        existing_user = get_user_by_email(db_session, email=user_in.email)
    
        if not existing_user:
            create_user(db_session, obj_in=user_in)
    
        # Log in to get access token
        login_data = {
            "username": "testuser@example.com",
            "password": "testpassword123",
        }
        response = client.post(
            f"{settings.API_V1_STR}/auth/login/access-token", data=login_data
        )
    
>       assert response.status_code == 200, f"Login failed: {response.text}"
E       AssertionError: Login failed: {"error":"Rate limit exceeded: 5 per 1 minute"}
E       assert 429 == 200
E        +  where 429 = <Response [429 Too Many Requests]>.status_code

tests\conftest.py:111: AssertionError
---------------------------- Captured stdout setup ----------------------------
{"timestamp": "2025-11-27 16:07:05,956", "level": "WARNING", "message": "ratelimit 5 per 1 minute (testclient) exceeded at endpoint: /api/v1/auth/login/access-token", "module": "extension", "function": "__evaluate_limits", "line": 510, "request_id": "e8db3c20-4a36-47e7-8fe3-c9298cf96ad9"}
{"timestamp": "2025-11-27 16:07:05,957", "level": "INFO", "message": "HTTP Request: POST http://testserver/api/v1/auth/login/access-token \"HTTP/1.1 429 Too Many Requests\"", "module": "_client", "function": "_send_single_request", "line": 1025}
----------------------------- Captured log setup ------------------------------
WARNING  slowapi:extension.py:510 ratelimit 5 per 1 minute (testclient) exceeded at endpoint: /api/v1/auth/login/access-token
INFO     httpx:_client.py:1025 HTTP Request: POST http://testserver/api/v1/auth/login/access-token "HTTP/1.1 429 Too Many Requests"
_______________ ERROR at setup of test_create_program_exercise ________________

client = <starlette.testclient.TestClient object at 0x0000023025E2DF20>
trainer_user = {'email': 'trainer@test.com', 'id': 1, 'password': 'trainer123'}

    @pytest.fixture()
    def trainer_headers(client: TestClient, trainer_user: dict) -> dict[str, str]:
        """Get authentication headers for trainer user."""
        login_data = {
            "username": trainer_user["email"],
            "password": trainer_user["password"],
        }
        response = client.post(
            f"{settings.API_V1_STR}/auth/login/access-token", data=login_data
        )
>       assert response.status_code == 200, f"Trainer login failed: {response.text}"
E       AssertionError: Trainer login failed: {"error":"Rate limit exceeded: 5 per 1 minute"}
E       assert 429 == 200
E        +  where 429 = <Response [429 Too Many Requests]>.status_code

tests\conftest.py:212: AssertionError
---------------------------- Captured stdout setup ----------------------------
{"timestamp": "2025-11-27 16:07:06,003", "level": "WARNING", "message": "ratelimit 5 per 1 minute (testclient) exceeded at endpoint: /api/v1/auth/login/access-token", "module": "extension", "function": "__evaluate_limits", "line": 510, "request_id": "eccd6674-73a2-4e79-8cb5-83bff9fb89b1"}
{"timestamp": "2025-11-27 16:07:06,004", "level": "INFO", "message": "HTTP Request: POST http://testserver/api/v1/auth/login/access-token \"HTTP/1.1 429 Too Many Requests\"", "module": "_client", "function": "_send_single_request", "line": 1025}
----------------------------- Captured log setup ------------------------------
WARNING  slowapi:extension.py:510 ratelimit 5 per 1 minute (testclient) exceeded at endpoint: /api/v1/auth/login/access-token
INFO     httpx:_client.py:1025 HTTP Request: POST http://testserver/api/v1/auth/login/access-token "HTTP/1.1 429 Too Many Requests"
________________ ERROR at setup of test_read_program_exercise _________________

client = <starlette.testclient.TestClient object at 0x0000023025E2E7A0>
db_session = <sqlalchemy.orm.session.Session object at 0x0000023025AEE7B0>

    @pytest.fixture()
    def auth_headers(client: TestClient, db_session) -> dict[str, str]:
        """
        Create a test user and return authentication headers with valid JWT token.
        This fixture can be used to authenticate requests in tests.
        """
        # Try to create a test user, but handle the case where it already exists
        user_in = TraineeCreate(
            email="testuser@example.com",
            password="testpassword123",
            first_name="Test",
            last_name="User",
        )
    
        # Check if user already exists
        from app.auth.crud import get_user_by_email
        existing_user = get_user_by_email(db_session, email=user_in.email)
    
        if not existing_user:
            create_user(db_session, obj_in=user_in)
    
        # Log in to get access token
        login_data = {
            "username": "testuser@example.com",
            "password": "testpassword123",
        }
        response = client.post(
            f"{settings.API_V1_STR}/auth/login/access-token", data=login_data
        )
    
>       assert response.status_code == 200, f"Login failed: {response.text}"
E       AssertionError: Login failed: {"error":"Rate limit exceeded: 5 per 1 minute"}
E       assert 429 == 200
E        +  where 429 = <Response [429 Too Many Requests]>.status_code

tests\conftest.py:111: AssertionError
---------------------------- Captured stdout setup ----------------------------
{"timestamp": "2025-11-27 16:07:06,055", "level": "WARNING", "message": "ratelimit 5 per 1 minute (testclient) exceeded at endpoint: /api/v1/auth/login/access-token", "module": "extension", "function": "__evaluate_limits", "line": 510, "request_id": "ebbde420-e005-4830-862c-fcbcfbbb8084"}
{"timestamp": "2025-11-27 16:07:06,057", "level": "INFO", "message": "HTTP Request: POST http://testserver/api/v1/auth/login/access-token \"HTTP/1.1 429 Too Many Requests\"", "module": "_client", "function": "_send_single_request", "line": 1025}
----------------------------- Captured log setup ------------------------------
WARNING  slowapi:extension.py:510 ratelimit 5 per 1 minute (testclient) exceeded at endpoint: /api/v1/auth/login/access-token
INFO     httpx:_client.py:1025 HTTP Request: POST http://testserver/api/v1/auth/login/access-token "HTTP/1.1 429 Too Many Requests"
________________ ERROR at setup of test_read_program_exercises ________________

client = <starlette.testclient.TestClient object at 0x0000023025E2E360>
db_session = <sqlalchemy.orm.session.Session object at 0x0000023025AEFA10>

    @pytest.fixture()
    def auth_headers(client: TestClient, db_session) -> dict[str, str]:
        """
        Create a test user and return authentication headers with valid JWT token.
        This fixture can be used to authenticate requests in tests.
        """
        # Try to create a test user, but handle the case where it already exists
        user_in = TraineeCreate(
            email="testuser@example.com",
            password="testpassword123",
            first_name="Test",
            last_name="User",
        )
    
        # Check if user already exists
        from app.auth.crud import get_user_by_email
        existing_user = get_user_by_email(db_session, email=user_in.email)
    
        if not existing_user:
            create_user(db_session, obj_in=user_in)
    
        # Log in to get access token
        login_data = {
            "username": "testuser@example.com",
            "password": "testpassword123",
        }
        response = client.post(
            f"{settings.API_V1_STR}/auth/login/access-token", data=login_data
        )
    
>       assert response.status_code == 200, f"Login failed: {response.text}"
E       AssertionError: Login failed: {"error":"Rate limit exceeded: 5 per 1 minute"}
E       assert 429 == 200
E        +  where 429 = <Response [429 Too Many Requests]>.status_code

tests\conftest.py:111: AssertionError
---------------------------- Captured stdout setup ----------------------------
{"timestamp": "2025-11-27 16:07:06,118", "level": "WARNING", "message": "ratelimit 5 per 1 minute (testclient) exceeded at endpoint: /api/v1/auth/login/access-token", "module": "extension", "function": "__evaluate_limits", "line": 510, "request_id": "20814d8d-85a1-46b8-b7fe-fc6205752328"}
{"timestamp": "2025-11-27 16:07:06,120", "level": "INFO", "message": "HTTP Request: POST http://testserver/api/v1/auth/login/access-token \"HTTP/1.1 429 Too Many Requests\"", "module": "_client", "function": "_send_single_request", "line": 1025}
----------------------------- Captured log setup ------------------------------
WARNING  slowapi:extension.py:510 ratelimit 5 per 1 minute (testclient) exceeded at endpoint: /api/v1/auth/login/access-token
INFO     httpx:_client.py:1025 HTTP Request: POST http://testserver/api/v1/auth/login/access-token "HTTP/1.1 429 Too Many Requests"
_______________ ERROR at setup of test_update_program_exercise ________________

client = <starlette.testclient.TestClient object at 0x0000023025E2CAF0>
trainer_user = {'email': 'trainer@test.com', 'id': 1, 'password': 'trainer123'}

    @pytest.fixture()
    def trainer_headers(client: TestClient, trainer_user: dict) -> dict[str, str]:
        """Get authentication headers for trainer user."""
        login_data = {
            "username": trainer_user["email"],
            "password": trainer_user["password"],
        }
        response = client.post(
            f"{settings.API_V1_STR}/auth/login/access-token", data=login_data
        )
>       assert response.status_code == 200, f"Trainer login failed: {response.text}"
E       AssertionError: Trainer login failed: {"error":"Rate limit exceeded: 5 per 1 minute"}
E       assert 429 == 200
E        +  where 429 = <Response [429 Too Many Requests]>.status_code

tests\conftest.py:212: AssertionError
---------------------------- Captured stdout setup ----------------------------
{"timestamp": "2025-11-27 16:07:06,178", "level": "WARNING", "message": "ratelimit 5 per 1 minute (testclient) exceeded at endpoint: /api/v1/auth/login/access-token", "module": "extension", "function": "__evaluate_limits", "line": 510, "request_id": "ce48b052-63bd-4eb0-a3fd-c52f4485b6fa"}
{"timestamp": "2025-11-27 16:07:06,181", "level": "INFO", "message": "HTTP Request: POST http://testserver/api/v1/auth/login/access-token \"HTTP/1.1 429 Too Many Requests\"", "module": "_client", "function": "_send_single_request", "line": 1025}
----------------------------- Captured log setup ------------------------------
WARNING  slowapi:extension.py:510 ratelimit 5 per 1 minute (testclient) exceeded at endpoint: /api/v1/auth/login/access-token
INFO     httpx:_client.py:1025 HTTP Request: POST http://testserver/api/v1/auth/login/access-token "HTTP/1.1 429 Too Many Requests"
_______________ ERROR at setup of test_delete_program_exercise ________________

client = <starlette.testclient.TestClient object at 0x0000023025E2F8A0>
trainer_user = {'email': 'trainer@test.com', 'id': 1, 'password': 'trainer123'}

    @pytest.fixture()
    def trainer_headers(client: TestClient, trainer_user: dict) -> dict[str, str]:
        """Get authentication headers for trainer user."""
        login_data = {
            "username": trainer_user["email"],
            "password": trainer_user["password"],
        }
        response = client.post(
            f"{settings.API_V1_STR}/auth/login/access-token", data=login_data
        )
>       assert response.status_code == 200, f"Trainer login failed: {response.text}"
E       AssertionError: Trainer login failed: {"error":"Rate limit exceeded: 5 per 1 minute"}
E       assert 429 == 200
E        +  where 429 = <Response [429 Too Many Requests]>.status_code

tests\conftest.py:212: AssertionError
---------------------------- Captured stdout setup ----------------------------
{"timestamp": "2025-11-27 16:07:06,237", "level": "WARNING", "message": "ratelimit 5 per 1 minute (testclient) exceeded at endpoint: /api/v1/auth/login/access-token", "module": "extension", "function": "__evaluate_limits", "line": 510, "request_id": "011cc915-59c8-4858-a1bd-30ecddc8a736"}
{"timestamp": "2025-11-27 16:07:06,238", "level": "INFO", "message": "HTTP Request: POST http://testserver/api/v1/auth/login/access-token \"HTTP/1.1 429 Too Many Requests\"", "module": "_client", "function": "_send_single_request", "line": 1025}
----------------------------- Captured log setup ------------------------------
WARNING  slowapi:extension.py:510 ratelimit 5 per 1 minute (testclient) exceeded at endpoint: /api/v1/auth/login/access-token
INFO     httpx:_client.py:1025 HTTP Request: POST http://testserver/api/v1/auth/login/access-token "HTTP/1.1 429 Too Many Requests"
__________ ERROR at setup of test_create_program_as_trainer_succeeds __________

client = <starlette.testclient.TestClient object at 0x0000023025E2D9D0>
trainer_user = {'email': 'trainer@test.com', 'id': 1, 'password': 'trainer123'}

    @pytest.fixture()
    def trainer_headers(client: TestClient, trainer_user: dict) -> dict[str, str]:
        """Get authentication headers for trainer user."""
        login_data = {
            "username": trainer_user["email"],
            "password": trainer_user["password"],
        }
        response = client.post(
            f"{settings.API_V1_STR}/auth/login/access-token", data=login_data
        )
>       assert response.status_code == 200, f"Trainer login failed: {response.text}"
E       AssertionError: Trainer login failed: {"error":"Rate limit exceeded: 5 per 1 minute"}
E       assert 429 == 200
E        +  where 429 = <Response [429 Too Many Requests]>.status_code

tests\conftest.py:212: AssertionError
---------------------------- Captured stdout setup ----------------------------
{"timestamp": "2025-11-27 16:07:06,285", "level": "WARNING", "message": "ratelimit 5 per 1 minute (testclient) exceeded at endpoint: /api/v1/auth/login/access-token", "module": "extension", "function": "__evaluate_limits", "line": 510, "request_id": "1dc735b4-ddbe-4216-a1a5-2bfe509daacb"}
{"timestamp": "2025-11-27 16:07:06,286", "level": "INFO", "message": "HTTP Request: POST http://testserver/api/v1/auth/login/access-token \"HTTP/1.1 429 Too Many Requests\"", "module": "_client", "function": "_send_single_request", "line": 1025}
----------------------------- Captured log setup ------------------------------
WARNING  slowapi:extension.py:510 ratelimit 5 per 1 minute (testclient) exceeded at endpoint: /api/v1/auth/login/access-token
INFO     httpx:_client.py:1025 HTTP Request: POST http://testserver/api/v1/auth/login/access-token "HTTP/1.1 429 Too Many Requests"
___________ ERROR at setup of test_create_program_as_admin_succeeds ___________

client = <starlette.testclient.TestClient object at 0x0000023025E2E9C0>
admin_user = {'email': 'admin@test.com', 'id': 1, 'password': 'admin123'}

    @pytest.fixture()
    def admin_headers(client: TestClient, admin_user: dict) -> dict[str, str]:
        """Get authentication headers for admin user."""
        login_data = {
            "username": admin_user["email"],
            "password": admin_user["password"],
        }
        response = client.post(
            f"{settings.API_V1_STR}/auth/login/access-token", data=login_data
        )
>       assert response.status_code == 200, f"Admin login failed: {response.text}"
E       AssertionError: Admin login failed: {"error":"Rate limit exceeded: 5 per 1 minute"}
E       assert 429 == 200
E        +  where 429 = <Response [429 Too Many Requests]>.status_code

tests\conftest.py:227: AssertionError
---------------------------- Captured stdout setup ----------------------------
{"timestamp": "2025-11-27 16:07:06,337", "level": "WARNING", "message": "ratelimit 5 per 1 minute (testclient) exceeded at endpoint: /api/v1/auth/login/access-token", "module": "extension", "function": "__evaluate_limits", "line": 510, "request_id": "28c7bead-f545-461b-be0f-bdb2a782bb4f"}
{"timestamp": "2025-11-27 16:07:06,339", "level": "INFO", "message": "HTTP Request: POST http://testserver/api/v1/auth/login/access-token \"HTTP/1.1 429 Too Many Requests\"", "module": "_client", "function": "_send_single_request", "line": 1025}
----------------------------- Captured log setup ------------------------------
WARNING  slowapi:extension.py:510 ratelimit 5 per 1 minute (testclient) exceeded at endpoint: /api/v1/auth/login/access-token
INFO     httpx:_client.py:1025 HTTP Request: POST http://testserver/api/v1/auth/login/access-token "HTTP/1.1 429 Too Many Requests"
_________ ERROR at setup of test_create_program_as_trainee_forbidden __________

client = <starlette.testclient.TestClient object at 0x0000023025E2ECF0>
trainee_user = {'email': 'trainee@test.com', 'id': 1, 'password': 'trainee123'}

    @pytest.fixture()
    def trainee_headers(client: TestClient, trainee_user: dict) -> dict[str, str]:
        """Get authentication headers for trainee user."""
        login_data = {
            "username": trainee_user["email"],
            "password": trainee_user["password"],
        }
        response = client.post(
            f"{settings.API_V1_STR}/auth/login/access-token", data=login_data
        )
>       assert response.status_code == 200, f"Trainee login failed: {response.text}"
E       AssertionError: Trainee login failed: {"error":"Rate limit exceeded: 5 per 1 minute"}
E       assert 429 == 200
E        +  where 429 = <Response [429 Too Many Requests]>.status_code

tests\conftest.py:197: AssertionError
---------------------------- Captured stdout setup ----------------------------
{"timestamp": "2025-11-27 16:07:06,385", "level": "WARNING", "message": "ratelimit 5 per 1 minute (testclient) exceeded at endpoint: /api/v1/auth/login/access-token", "module": "extension", "function": "__evaluate_limits", "line": 510, "request_id": "69d7c03d-45c3-44d0-a56b-49358d6fed88"}
{"timestamp": "2025-11-27 16:07:06,387", "level": "INFO", "message": "HTTP Request: POST http://testserver/api/v1/auth/login/access-token \"HTTP/1.1 429 Too Many Requests\"", "module": "_client", "function": "_send_single_request", "line": 1025}
----------------------------- Captured log setup ------------------------------
WARNING  slowapi:extension.py:510 ratelimit 5 per 1 minute (testclient) exceeded at endpoint: /api/v1/auth/login/access-token
INFO     httpx:_client.py:1025 HTTP Request: POST http://testserver/api/v1/auth/login/access-token "HTTP/1.1 429 Too Many Requests"
________ ERROR at setup of test_read_programs_requires_authentication _________

client = <starlette.testclient.TestClient object at 0x0000023025E2FDF0>
trainer_user = {'email': 'trainer@test.com', 'id': 1, 'password': 'trainer123'}

    @pytest.fixture()
    def trainer_headers(client: TestClient, trainer_user: dict) -> dict[str, str]:
        """Get authentication headers for trainer user."""
        login_data = {
            "username": trainer_user["email"],
            "password": trainer_user["password"],
        }
        response = client.post(
            f"{settings.API_V1_STR}/auth/login/access-token", data=login_data
        )
>       assert response.status_code == 200, f"Trainer login failed: {response.text}"
E       AssertionError: Trainer login failed: {"error":"Rate limit exceeded: 5 per 1 minute"}
E       assert 429 == 200
E        +  where 429 = <Response [429 Too Many Requests]>.status_code

tests\conftest.py:212: AssertionError
---------------------------- Captured stdout setup ----------------------------
{"timestamp": "2025-11-27 16:07:06,458", "level": "WARNING", "message": "ratelimit 5 per 1 minute (testclient) exceeded at endpoint: /api/v1/auth/login/access-token", "module": "extension", "function": "__evaluate_limits", "line": 510, "request_id": "dd9e8565-3454-4855-8337-3fea701714e3"}
{"timestamp": "2025-11-27 16:07:06,460", "level": "INFO", "message": "HTTP Request: POST http://testserver/api/v1/auth/login/access-token \"HTTP/1.1 429 Too Many Requests\"", "module": "_client", "function": "_send_single_request", "line": 1025}
----------------------------- Captured log setup ------------------------------
WARNING  slowapi:extension.py:510 ratelimit 5 per 1 minute (testclient) exceeded at endpoint: /api/v1/auth/login/access-token
INFO     httpx:_client.py:1025 HTTP Request: POST http://testserver/api/v1/auth/login/access-token "HTTP/1.1 429 Too Many Requests"
_____ ERROR at setup of test_read_program_detail_requires_authentication ______

client = <starlette.testclient.TestClient object at 0x0000023025C7F8A0>
trainer_user = {'email': 'trainer@test.com', 'id': 1, 'password': 'trainer123'}

    @pytest.fixture()
    def trainer_headers(client: TestClient, trainer_user: dict) -> dict[str, str]:
        """Get authentication headers for trainer user."""
        login_data = {
            "username": trainer_user["email"],
            "password": trainer_user["password"],
        }
        response = client.post(
            f"{settings.API_V1_STR}/auth/login/access-token", data=login_data
        )
>       assert response.status_code == 200, f"Trainer login failed: {response.text}"
E       AssertionError: Trainer login failed: {"error":"Rate limit exceeded: 5 per 1 minute"}
E       assert 429 == 200
E        +  where 429 = <Response [429 Too Many Requests]>.status_code

tests\conftest.py:212: AssertionError
---------------------------- Captured stdout setup ----------------------------
{"timestamp": "2025-11-27 16:07:06,510", "level": "WARNING", "message": "ratelimit 5 per 1 minute (testclient) exceeded at endpoint: /api/v1/auth/login/access-token", "module": "extension", "function": "__evaluate_limits", "line": 510, "request_id": "45ad94b7-8390-49f5-a746-5f6542761206"}
{"timestamp": "2025-11-27 16:07:06,512", "level": "INFO", "message": "HTTP Request: POST http://testserver/api/v1/auth/login/access-token \"HTTP/1.1 429 Too Many Requests\"", "module": "_client", "function": "_send_single_request", "line": 1025}
----------------------------- Captured log setup ------------------------------
WARNING  slowapi:extension.py:510 ratelimit 5 per 1 minute (testclient) exceeded at endpoint: /api/v1/auth/login/access-token
INFO     httpx:_client.py:1025 HTTP Request: POST http://testserver/api/v1/auth/login/access-token "HTTP/1.1 429 Too Many Requests"
__________ ERROR at setup of test_update_program_as_trainer_succeeds __________

client = <starlette.testclient.TestClient object at 0x0000023025C7E690>
trainer_user = {'email': 'trainer@test.com', 'id': 1, 'password': 'trainer123'}

    @pytest.fixture()
    def trainer_headers(client: TestClient, trainer_user: dict) -> dict[str, str]:
        """Get authentication headers for trainer user."""
        login_data = {
            "username": trainer_user["email"],
            "password": trainer_user["password"],
        }
        response = client.post(
            f"{settings.API_V1_STR}/auth/login/access-token", data=login_data
        )
>       assert response.status_code == 200, f"Trainer login failed: {response.text}"
E       AssertionError: Trainer login failed: {"error":"Rate limit exceeded: 5 per 1 minute"}
E       assert 429 == 200
E        +  where 429 = <Response [429 Too Many Requests]>.status_code

tests\conftest.py:212: AssertionError
---------------------------- Captured stdout setup ----------------------------
{"timestamp": "2025-11-27 16:07:06,560", "level": "WARNING", "message": "ratelimit 5 per 1 minute (testclient) exceeded at endpoint: /api/v1/auth/login/access-token", "module": "extension", "function": "__evaluate_limits", "line": 510, "request_id": "ccebd802-c1cc-4b7c-9bb6-e1ef5050b7cc"}
{"timestamp": "2025-11-27 16:07:06,562", "level": "INFO", "message": "HTTP Request: POST http://testserver/api/v1/auth/login/access-token \"HTTP/1.1 429 Too Many Requests\"", "module": "_client", "function": "_send_single_request", "line": 1025}
----------------------------- Captured log setup ------------------------------
WARNING  slowapi:extension.py:510 ratelimit 5 per 1 minute (testclient) exceeded at endpoint: /api/v1/auth/login/access-token
INFO     httpx:_client.py:1025 HTTP Request: POST http://testserver/api/v1/auth/login/access-token "HTTP/1.1 429 Too Many Requests"
___________ ERROR at setup of test_update_program_as_admin_succeeds ___________

client = <starlette.testclient.TestClient object at 0x0000023025C7FF00>
admin_user = {'email': 'admin@test.com', 'id': 1, 'password': 'admin123'}

    @pytest.fixture()
    def admin_headers(client: TestClient, admin_user: dict) -> dict[str, str]:
        """Get authentication headers for admin user."""
        login_data = {
            "username": admin_user["email"],
            "password": admin_user["password"],
        }
        response = client.post(
            f"{settings.API_V1_STR}/auth/login/access-token", data=login_data
        )
>       assert response.status_code == 200, f"Admin login failed: {response.text}"
E       AssertionError: Admin login failed: {"error":"Rate limit exceeded: 5 per 1 minute"}
E       assert 429 == 200
E        +  where 429 = <Response [429 Too Many Requests]>.status_code

tests\conftest.py:227: AssertionError
---------------------------- Captured stdout setup ----------------------------
{"timestamp": "2025-11-27 16:07:06,615", "level": "WARNING", "message": "ratelimit 5 per 1 minute (testclient) exceeded at endpoint: /api/v1/auth/login/access-token", "module": "extension", "function": "__evaluate_limits", "line": 510, "request_id": "0cba3358-e53c-4dd1-af75-64e23fb152e6"}
{"timestamp": "2025-11-27 16:07:06,616", "level": "INFO", "message": "HTTP Request: POST http://testserver/api/v1/auth/login/access-token \"HTTP/1.1 429 Too Many Requests\"", "module": "_client", "function": "_send_single_request", "line": 1025}
----------------------------- Captured log setup ------------------------------
WARNING  slowapi:extension.py:510 ratelimit 5 per 1 minute (testclient) exceeded at endpoint: /api/v1/auth/login/access-token
INFO     httpx:_client.py:1025 HTTP Request: POST http://testserver/api/v1/auth/login/access-token "HTTP/1.1 429 Too Many Requests"
_________ ERROR at setup of test_update_program_as_trainee_forbidden __________

client = <starlette.testclient.TestClient object at 0x0000023025E2FF00>
trainer_user = {'email': 'trainer@test.com', 'id': 1, 'password': 'trainer123'}

    @pytest.fixture()
    def trainer_headers(client: TestClient, trainer_user: dict) -> dict[str, str]:
        """Get authentication headers for trainer user."""
        login_data = {
            "username": trainer_user["email"],
            "password": trainer_user["password"],
        }
        response = client.post(
            f"{settings.API_V1_STR}/auth/login/access-token", data=login_data
        )
>       assert response.status_code == 200, f"Trainer login failed: {response.text}"
E       AssertionError: Trainer login failed: {"error":"Rate limit exceeded: 5 per 1 minute"}
E       assert 429 == 200
E        +  where 429 = <Response [429 Too Many Requests]>.status_code

tests\conftest.py:212: AssertionError
---------------------------- Captured stdout setup ----------------------------
{"timestamp": "2025-11-27 16:07:06,669", "level": "WARNING", "message": "ratelimit 5 per 1 minute (testclient) exceeded at endpoint: /api/v1/auth/login/access-token", "module": "extension", "function": "__evaluate_limits", "line": 510, "request_id": "29449565-f5b2-49c2-9b33-992487d36141"}
{"timestamp": "2025-11-27 16:07:06,671", "level": "INFO", "message": "HTTP Request: POST http://testserver/api/v1/auth/login/access-token \"HTTP/1.1 429 Too Many Requests\"", "module": "_client", "function": "_send_single_request", "line": 1025}
----------------------------- Captured log setup ------------------------------
WARNING  slowapi:extension.py:510 ratelimit 5 per 1 minute (testclient) exceeded at endpoint: /api/v1/auth/login/access-token
INFO     httpx:_client.py:1025 HTTP Request: POST http://testserver/api/v1/auth/login/access-token "HTTP/1.1 429 Too Many Requests"
__________ ERROR at setup of test_delete_program_as_trainer_succeeds __________

client = <starlette.testclient.TestClient object at 0x0000023025E2F570>
trainer_user = {'email': 'trainer@test.com', 'id': 1, 'password': 'trainer123'}

    @pytest.fixture()
    def trainer_headers(client: TestClient, trainer_user: dict) -> dict[str, str]:
        """Get authentication headers for trainer user."""
        login_data = {
            "username": trainer_user["email"],
            "password": trainer_user["password"],
        }
        response = client.post(
            f"{settings.API_V1_STR}/auth/login/access-token", data=login_data
        )
>       assert response.status_code == 200, f"Trainer login failed: {response.text}"
E       AssertionError: Trainer login failed: {"error":"Rate limit exceeded: 5 per 1 minute"}
E       assert 429 == 200
E        +  where 429 = <Response [429 Too Many Requests]>.status_code

tests\conftest.py:212: AssertionError
---------------------------- Captured stdout setup ----------------------------
{"timestamp": "2025-11-27 16:07:06,731", "level": "WARNING", "message": "ratelimit 5 per 1 minute (testclient) exceeded at endpoint: /api/v1/auth/login/access-token", "module": "extension", "function": "__evaluate_limits", "line": 510, "request_id": "ba07dcea-c5f6-4bbe-baba-4bea2e8751e1"}
{"timestamp": "2025-11-27 16:07:06,733", "level": "INFO", "message": "HTTP Request: POST http://testserver/api/v1/auth/login/access-token \"HTTP/1.1 429 Too Many Requests\"", "module": "_client", "function": "_send_single_request", "line": 1025}
----------------------------- Captured log setup ------------------------------
WARNING  slowapi:extension.py:510 ratelimit 5 per 1 minute (testclient) exceeded at endpoint: /api/v1/auth/login/access-token
INFO     httpx:_client.py:1025 HTTP Request: POST http://testserver/api/v1/auth/login/access-token "HTTP/1.1 429 Too Many Requests"
___________ ERROR at setup of test_delete_program_as_admin_succeeds ___________

client = <starlette.testclient.TestClient object at 0x0000023025E2F9B0>
admin_user = {'email': 'admin@test.com', 'id': 1, 'password': 'admin123'}

    @pytest.fixture()
    def admin_headers(client: TestClient, admin_user: dict) -> dict[str, str]:
        """Get authentication headers for admin user."""
        login_data = {
            "username": admin_user["email"],
            "password": admin_user["password"],
        }
        response = client.post(
            f"{settings.API_V1_STR}/auth/login/access-token", data=login_data
        )
>       assert response.status_code == 200, f"Admin login failed: {response.text}"
E       AssertionError: Admin login failed: {"error":"Rate limit exceeded: 5 per 1 minute"}
E       assert 429 == 200
E        +  where 429 = <Response [429 Too Many Requests]>.status_code

tests\conftest.py:227: AssertionError
---------------------------- Captured stdout setup ----------------------------
{"timestamp": "2025-11-27 16:07:06,782", "level": "WARNING", "message": "ratelimit 5 per 1 minute (testclient) exceeded at endpoint: /api/v1/auth/login/access-token", "module": "extension", "function": "__evaluate_limits", "line": 510, "request_id": "e9f8585d-ad58-4e07-a0ec-f237abb1b3ca"}
{"timestamp": "2025-11-27 16:07:06,784", "level": "INFO", "message": "HTTP Request: POST http://testserver/api/v1/auth/login/access-token \"HTTP/1.1 429 Too Many Requests\"", "module": "_client", "function": "_send_single_request", "line": 1025}
----------------------------- Captured log setup ------------------------------
WARNING  slowapi:extension.py:510 ratelimit 5 per 1 minute (testclient) exceeded at endpoint: /api/v1/auth/login/access-token
INFO     httpx:_client.py:1025 HTTP Request: POST http://testserver/api/v1/auth/login/access-token "HTTP/1.1 429 Too Many Requests"
_________ ERROR at setup of test_delete_program_as_trainee_forbidden __________

client = <starlette.testclient.TestClient object at 0x00000230259DBDF0>
trainer_user = {'email': 'trainer@test.com', 'id': 1, 'password': 'trainer123'}

    @pytest.fixture()
    def trainer_headers(client: TestClient, trainer_user: dict) -> dict[str, str]:
        """Get authentication headers for trainer user."""
        login_data = {
            "username": trainer_user["email"],
            "password": trainer_user["password"],
        }
        response = client.post(
            f"{settings.API_V1_STR}/auth/login/access-token", data=login_data
        )
>       assert response.status_code == 200, f"Trainer login failed: {response.text}"
E       AssertionError: Trainer login failed: {"error":"Rate limit exceeded: 5 per 1 minute"}
E       assert 429 == 200
E        +  where 429 = <Response [429 Too Many Requests]>.status_code

tests\conftest.py:212: AssertionError
---------------------------- Captured stdout setup ----------------------------
{"timestamp": "2025-11-27 16:07:06,830", "level": "WARNING", "message": "ratelimit 5 per 1 minute (testclient) exceeded at endpoint: /api/v1/auth/login/access-token", "module": "extension", "function": "__evaluate_limits", "line": 510, "request_id": "19352140-1404-4ef8-96e1-a3c309bb50c3"}
{"timestamp": "2025-11-27 16:07:06,832", "level": "INFO", "message": "HTTP Request: POST http://testserver/api/v1/auth/login/access-token \"HTTP/1.1 429 Too Many Requests\"", "module": "_client", "function": "_send_single_request", "line": 1025}
----------------------------- Captured log setup ------------------------------
WARNING  slowapi:extension.py:510 ratelimit 5 per 1 minute (testclient) exceeded at endpoint: /api/v1/auth/login/access-token
INFO     httpx:_client.py:1025 HTTP Request: POST http://testserver/api/v1/auth/login/access-token "HTTP/1.1 429 Too Many Requests"
____________________ ERROR at setup of test_create_program ____________________

client = <starlette.testclient.TestClient object at 0x00000230259DB680>
trainer_user = {'email': 'trainer@test.com', 'id': 1, 'password': 'trainer123'}

    @pytest.fixture()
    def trainer_headers(client: TestClient, trainer_user: dict) -> dict[str, str]:
        """Get authentication headers for trainer user."""
        login_data = {
            "username": trainer_user["email"],
            "password": trainer_user["password"],
        }
        response = client.post(
            f"{settings.API_V1_STR}/auth/login/access-token", data=login_data
        )
>       assert response.status_code == 200, f"Trainer login failed: {response.text}"
E       AssertionError: Trainer login failed: {"error":"Rate limit exceeded: 5 per 1 minute"}
E       assert 429 == 200
E        +  where 429 = <Response [429 Too Many Requests]>.status_code

tests\conftest.py:212: AssertionError
---------------------------- Captured stdout setup ----------------------------
{"timestamp": "2025-11-27 16:07:06,881", "level": "WARNING", "message": "ratelimit 5 per 1 minute (testclient) exceeded at endpoint: /api/v1/auth/login/access-token", "module": "extension", "function": "__evaluate_limits", "line": 510, "request_id": "7599fc4f-4756-44e8-aea8-7ac73605cbcd"}
{"timestamp": "2025-11-27 16:07:06,882", "level": "INFO", "message": "HTTP Request: POST http://testserver/api/v1/auth/login/access-token \"HTTP/1.1 429 Too Many Requests\"", "module": "_client", "function": "_send_single_request", "line": 1025}
----------------------------- Captured log setup ------------------------------
WARNING  slowapi:extension.py:510 ratelimit 5 per 1 minute (testclient) exceeded at endpoint: /api/v1/auth/login/access-token
INFO     httpx:_client.py:1025 HTTP Request: POST http://testserver/api/v1/auth/login/access-token "HTTP/1.1 429 Too Many Requests"
_____________________ ERROR at setup of test_read_program _____________________

client = <starlette.testclient.TestClient object at 0x0000023025C7D9D0>
trainer_user = {'email': 'trainer@test.com', 'id': 1, 'password': 'trainer123'}

    @pytest.fixture()
    def trainer_headers(client: TestClient, trainer_user: dict) -> dict[str, str]:
        """Get authentication headers for trainer user."""
        login_data = {
            "username": trainer_user["email"],
            "password": trainer_user["password"],
        }
        response = client.post(
            f"{settings.API_V1_STR}/auth/login/access-token", data=login_data
        )
>       assert response.status_code == 200, f"Trainer login failed: {response.text}"
E       AssertionError: Trainer login failed: {"error":"Rate limit exceeded: 5 per 1 minute"}
E       assert 429 == 200
E        +  where 429 = <Response [429 Too Many Requests]>.status_code

tests\conftest.py:212: AssertionError
---------------------------- Captured stdout setup ----------------------------
{"timestamp": "2025-11-27 16:07:06,938", "level": "WARNING", "message": "ratelimit 5 per 1 minute (testclient) exceeded at endpoint: /api/v1/auth/login/access-token", "module": "extension", "function": "__evaluate_limits", "line": 510, "request_id": "690f9c8c-3d23-4b68-88bc-8151d74a81c6"}
{"timestamp": "2025-11-27 16:07:06,939", "level": "INFO", "message": "HTTP Request: POST http://testserver/api/v1/auth/login/access-token \"HTTP/1.1 429 Too Many Requests\"", "module": "_client", "function": "_send_single_request", "line": 1025}
----------------------------- Captured log setup ------------------------------
WARNING  slowapi:extension.py:510 ratelimit 5 per 1 minute (testclient) exceeded at endpoint: /api/v1/auth/login/access-token
INFO     httpx:_client.py:1025 HTTP Request: POST http://testserver/api/v1/auth/login/access-token "HTTP/1.1 429 Too Many Requests"
____________________ ERROR at setup of test_read_programs _____________________

client = <starlette.testclient.TestClient object at 0x0000023025C7FCE0>
trainer_user = {'email': 'trainer@test.com', 'id': 1, 'password': 'trainer123'}

    @pytest.fixture()
    def trainer_headers(client: TestClient, trainer_user: dict) -> dict[str, str]:
        """Get authentication headers for trainer user."""
        login_data = {
            "username": trainer_user["email"],
            "password": trainer_user["password"],
        }
        response = client.post(
            f"{settings.API_V1_STR}/auth/login/access-token", data=login_data
        )
>       assert response.status_code == 200, f"Trainer login failed: {response.text}"
E       AssertionError: Trainer login failed: {"error":"Rate limit exceeded: 5 per 1 minute"}
E       assert 429 == 200
E        +  where 429 = <Response [429 Too Many Requests]>.status_code

tests\conftest.py:212: AssertionError
---------------------------- Captured stdout setup ----------------------------
{"timestamp": "2025-11-27 16:07:06,991", "level": "WARNING", "message": "ratelimit 5 per 1 minute (testclient) exceeded at endpoint: /api/v1/auth/login/access-token", "module": "extension", "function": "__evaluate_limits", "line": 510, "request_id": "6d6177e3-8754-4702-863b-cd61a5b705df"}
{"timestamp": "2025-11-27 16:07:06,992", "level": "INFO", "message": "HTTP Request: POST http://testserver/api/v1/auth/login/access-token \"HTTP/1.1 429 Too Many Requests\"", "module": "_client", "function": "_send_single_request", "line": 1025}
----------------------------- Captured log setup ------------------------------
WARNING  slowapi:extension.py:510 ratelimit 5 per 1 minute (testclient) exceeded at endpoint: /api/v1/auth/login/access-token
INFO     httpx:_client.py:1025 HTTP Request: POST http://testserver/api/v1/auth/login/access-token "HTTP/1.1 429 Too Many Requests"
____________________ ERROR at setup of test_update_program ____________________

client = <starlette.testclient.TestClient object at 0x0000023025C7E690>
trainer_user = {'email': 'trainer@test.com', 'id': 1, 'password': 'trainer123'}

    @pytest.fixture()
    def trainer_headers(client: TestClient, trainer_user: dict) -> dict[str, str]:
        """Get authentication headers for trainer user."""
        login_data = {
            "username": trainer_user["email"],
            "password": trainer_user["password"],
        }
        response = client.post(
            f"{settings.API_V1_STR}/auth/login/access-token", data=login_data
        )
>       assert response.status_code == 200, f"Trainer login failed: {response.text}"
E       AssertionError: Trainer login failed: {"error":"Rate limit exceeded: 5 per 1 minute"}
E       assert 429 == 200
E        +  where 429 = <Response [429 Too Many Requests]>.status_code

tests\conftest.py:212: AssertionError
---------------------------- Captured stdout setup ----------------------------
{"timestamp": "2025-11-27 16:07:07,043", "level": "WARNING", "message": "ratelimit 5 per 1 minute (testclient) exceeded at endpoint: /api/v1/auth/login/access-token", "module": "extension", "function": "__evaluate_limits", "line": 510, "request_id": "1ba505c6-81ed-4cbe-ad4d-0e6a1d9cd647"}
{"timestamp": "2025-11-27 16:07:07,045", "level": "INFO", "message": "HTTP Request: POST http://testserver/api/v1/auth/login/access-token \"HTTP/1.1 429 Too Many Requests\"", "module": "_client", "function": "_send_single_request", "line": 1025}
----------------------------- Captured log setup ------------------------------
WARNING  slowapi:extension.py:510 ratelimit 5 per 1 minute (testclient) exceeded at endpoint: /api/v1/auth/login/access-token
INFO     httpx:_client.py:1025 HTTP Request: POST http://testserver/api/v1/auth/login/access-token "HTTP/1.1 429 Too Many Requests"
____________________ ERROR at setup of test_delete_program ____________________

client = <starlette.testclient.TestClient object at 0x0000023025C7F8A0>
trainer_user = {'email': 'trainer@test.com', 'id': 1, 'password': 'trainer123'}

    @pytest.fixture()
    def trainer_headers(client: TestClient, trainer_user: dict) -> dict[str, str]:
        """Get authentication headers for trainer user."""
        login_data = {
            "username": trainer_user["email"],
            "password": trainer_user["password"],
        }
        response = client.post(
            f"{settings.API_V1_STR}/auth/login/access-token", data=login_data
        )
>       assert response.status_code == 200, f"Trainer login failed: {response.text}"
E       AssertionError: Trainer login failed: {"error":"Rate limit exceeded: 5 per 1 minute"}
E       assert 429 == 200
E        +  where 429 = <Response [429 Too Many Requests]>.status_code

tests\conftest.py:212: AssertionError
---------------------------- Captured stdout setup ----------------------------
{"timestamp": "2025-11-27 16:07:07,088", "level": "WARNING", "message": "ratelimit 5 per 1 minute (testclient) exceeded at endpoint: /api/v1/auth/login/access-token", "module": "extension", "function": "__evaluate_limits", "line": 510, "request_id": "09dcdd7b-3813-4455-9849-832d92478566"}
{"timestamp": "2025-11-27 16:07:07,089", "level": "INFO", "message": "HTTP Request: POST http://testserver/api/v1/auth/login/access-token \"HTTP/1.1 429 Too Many Requests\"", "module": "_client", "function": "_send_single_request", "line": 1025}
----------------------------- Captured log setup ------------------------------
WARNING  slowapi:extension.py:510 ratelimit 5 per 1 minute (testclient) exceeded at endpoint: /api/v1/auth/login/access-token
INFO     httpx:_client.py:1025 HTTP Request: POST http://testserver/api/v1/auth/login/access-token "HTTP/1.1 429 Too Many Requests"
____________________ ERROR at setup of test_create_trainee ____________________

client = <starlette.testclient.TestClient object at 0x0000023025C7F570>
db_session = <sqlalchemy.orm.session.Session object at 0x00000230259D2CF0>

    @pytest.fixture()
    def auth_headers(client: TestClient, db_session) -> dict[str, str]:
        """
        Create a test user and return authentication headers with valid JWT token.
        This fixture can be used to authenticate requests in tests.
        """
        # Try to create a test user, but handle the case where it already exists
        user_in = TraineeCreate(
            email="testuser@example.com",
            password="testpassword123",
            first_name="Test",
            last_name="User",
        )
    
        # Check if user already exists
        from app.auth.crud import get_user_by_email
        existing_user = get_user_by_email(db_session, email=user_in.email)
    
        if not existing_user:
            create_user(db_session, obj_in=user_in)
    
        # Log in to get access token
        login_data = {
            "username": "testuser@example.com",
            "password": "testpassword123",
        }
        response = client.post(
            f"{settings.API_V1_STR}/auth/login/access-token", data=login_data
        )
    
>       assert response.status_code == 200, f"Login failed: {response.text}"
E       AssertionError: Login failed: {"error":"Rate limit exceeded: 5 per 1 minute"}
E       assert 429 == 200
E        +  where 429 = <Response [429 Too Many Requests]>.status_code

tests\conftest.py:111: AssertionError
---------------------------- Captured stdout setup ----------------------------
{"timestamp": "2025-11-27 16:07:07,135", "level": "WARNING", "message": "ratelimit 5 per 1 minute (testclient) exceeded at endpoint: /api/v1/auth/login/access-token", "module": "extension", "function": "__evaluate_limits", "line": 510, "request_id": "b1339b18-c588-4138-a0ec-a17171418c0e"}
{"timestamp": "2025-11-27 16:07:07,136", "level": "INFO", "message": "HTTP Request: POST http://testserver/api/v1/auth/login/access-token \"HTTP/1.1 429 Too Many Requests\"", "module": "_client", "function": "_send_single_request", "line": 1025}
----------------------------- Captured log setup ------------------------------
WARNING  slowapi:extension.py:510 ratelimit 5 per 1 minute (testclient) exceeded at endpoint: /api/v1/auth/login/access-token
INFO     httpx:_client.py:1025 HTTP Request: POST http://testserver/api/v1/auth/login/access-token "HTTP/1.1 429 Too Many Requests"
_____________________ ERROR at setup of test_read_trainee _____________________

client = <starlette.testclient.TestClient object at 0x0000023025C7D040>
trainer_user = {'email': 'trainer@test.com', 'id': 1, 'password': 'trainer123'}

    @pytest.fixture()
    def trainer_headers(client: TestClient, trainer_user: dict) -> dict[str, str]:
        """Get authentication headers for trainer user."""
        login_data = {
            "username": trainer_user["email"],
            "password": trainer_user["password"],
        }
        response = client.post(
            f"{settings.API_V1_STR}/auth/login/access-token", data=login_data
        )
>       assert response.status_code == 200, f"Trainer login failed: {response.text}"
E       AssertionError: Trainer login failed: {"error":"Rate limit exceeded: 5 per 1 minute"}
E       assert 429 == 200
E        +  where 429 = <Response [429 Too Many Requests]>.status_code

tests\conftest.py:212: AssertionError
---------------------------- Captured stdout setup ----------------------------
{"timestamp": "2025-11-27 16:07:07,178", "level": "WARNING", "message": "ratelimit 5 per 1 minute (testclient) exceeded at endpoint: /api/v1/auth/login/access-token", "module": "extension", "function": "__evaluate_limits", "line": 510, "request_id": "3bd2747d-048f-49fd-89b2-9f80bd05b0ac"}
{"timestamp": "2025-11-27 16:07:07,180", "level": "INFO", "message": "HTTP Request: POST http://testserver/api/v1/auth/login/access-token \"HTTP/1.1 429 Too Many Requests\"", "module": "_client", "function": "_send_single_request", "line": 1025}
----------------------------- Captured log setup ------------------------------
WARNING  slowapi:extension.py:510 ratelimit 5 per 1 minute (testclient) exceeded at endpoint: /api/v1/auth/login/access-token
INFO     httpx:_client.py:1025 HTTP Request: POST http://testserver/api/v1/auth/login/access-token "HTTP/1.1 429 Too Many Requests"
____________________ ERROR at setup of test_read_trainees _____________________

client = <starlette.testclient.TestClient object at 0x0000023025E2D8C0>
trainer_user = {'email': 'trainer@test.com', 'id': 1, 'password': 'trainer123'}

    @pytest.fixture()
    def trainer_headers(client: TestClient, trainer_user: dict) -> dict[str, str]:
        """Get authentication headers for trainer user."""
        login_data = {
            "username": trainer_user["email"],
            "password": trainer_user["password"],
        }
        response = client.post(
            f"{settings.API_V1_STR}/auth/login/access-token", data=login_data
        )
>       assert response.status_code == 200, f"Trainer login failed: {response.text}"
E       AssertionError: Trainer login failed: {"error":"Rate limit exceeded: 5 per 1 minute"}
E       assert 429 == 200
E        +  where 429 = <Response [429 Too Many Requests]>.status_code

tests\conftest.py:212: AssertionError
---------------------------- Captured stdout setup ----------------------------
{"timestamp": "2025-11-27 16:07:07,226", "level": "WARNING", "message": "ratelimit 5 per 1 minute (testclient) exceeded at endpoint: /api/v1/auth/login/access-token", "module": "extension", "function": "__evaluate_limits", "line": 510, "request_id": "29482a73-0f1c-4395-a3f4-a490c9f8671e"}
{"timestamp": "2025-11-27 16:07:07,227", "level": "INFO", "message": "HTTP Request: POST http://testserver/api/v1/auth/login/access-token \"HTTP/1.1 429 Too Many Requests\"", "module": "_client", "function": "_send_single_request", "line": 1025}
----------------------------- Captured log setup ------------------------------
WARNING  slowapi:extension.py:510 ratelimit 5 per 1 minute (testclient) exceeded at endpoint: /api/v1/auth/login/access-token
INFO     httpx:_client.py:1025 HTTP Request: POST http://testserver/api/v1/auth/login/access-token "HTTP/1.1 429 Too Many Requests"
____________________ ERROR at setup of test_update_trainee ____________________

client = <starlette.testclient.TestClient object at 0x0000023025E2D590>
trainer_user = {'email': 'trainer@test.com', 'id': 1, 'password': 'trainer123'}

    @pytest.fixture()
    def trainer_headers(client: TestClient, trainer_user: dict) -> dict[str, str]:
        """Get authentication headers for trainer user."""
        login_data = {
            "username": trainer_user["email"],
            "password": trainer_user["password"],
        }
        response = client.post(
            f"{settings.API_V1_STR}/auth/login/access-token", data=login_data
        )
>       assert response.status_code == 200, f"Trainer login failed: {response.text}"
E       AssertionError: Trainer login failed: {"error":"Rate limit exceeded: 5 per 1 minute"}
E       assert 429 == 200
E        +  where 429 = <Response [429 Too Many Requests]>.status_code

tests\conftest.py:212: AssertionError
---------------------------- Captured stdout setup ----------------------------
{"timestamp": "2025-11-27 16:07:07,273", "level": "WARNING", "message": "ratelimit 5 per 1 minute (testclient) exceeded at endpoint: /api/v1/auth/login/access-token", "module": "extension", "function": "__evaluate_limits", "line": 510, "request_id": "6c101bda-2bdc-4435-ae0f-938668b168d4"}
{"timestamp": "2025-11-27 16:07:07,274", "level": "INFO", "message": "HTTP Request: POST http://testserver/api/v1/auth/login/access-token \"HTTP/1.1 429 Too Many Requests\"", "module": "_client", "function": "_send_single_request", "line": 1025}
----------------------------- Captured log setup ------------------------------
WARNING  slowapi:extension.py:510 ratelimit 5 per 1 minute (testclient) exceeded at endpoint: /api/v1/auth/login/access-token
INFO     httpx:_client.py:1025 HTTP Request: POST http://testserver/api/v1/auth/login/access-token "HTTP/1.1 429 Too Many Requests"
____________________ ERROR at setup of test_delete_trainee ____________________

client = <starlette.testclient.TestClient object at 0x0000023025E2C7C0>
admin_user = {'email': 'admin@test.com', 'id': 1, 'password': 'admin123'}

    @pytest.fixture()
    def admin_headers(client: TestClient, admin_user: dict) -> dict[str, str]:
        """Get authentication headers for admin user."""
        login_data = {
            "username": admin_user["email"],
            "password": admin_user["password"],
        }
        response = client.post(
            f"{settings.API_V1_STR}/auth/login/access-token", data=login_data
        )
>       assert response.status_code == 200, f"Admin login failed: {response.text}"
E       AssertionError: Admin login failed: {"error":"Rate limit exceeded: 5 per 1 minute"}
E       assert 429 == 200
E        +  where 429 = <Response [429 Too Many Requests]>.status_code

tests\conftest.py:227: AssertionError
---------------------------- Captured stdout setup ----------------------------
{"timestamp": "2025-11-27 16:07:07,325", "level": "WARNING", "message": "ratelimit 5 per 1 minute (testclient) exceeded at endpoint: /api/v1/auth/login/access-token", "module": "extension", "function": "__evaluate_limits", "line": 510, "request_id": "1949928f-a6d9-4fd1-a543-6506df313a66"}
{"timestamp": "2025-11-27 16:07:07,326", "level": "INFO", "message": "HTTP Request: POST http://testserver/api/v1/auth/login/access-token \"HTTP/1.1 429 Too Many Requests\"", "module": "_client", "function": "_send_single_request", "line": 1025}
----------------------------- Captured log setup ------------------------------
WARNING  slowapi:extension.py:510 ratelimit 5 per 1 minute (testclient) exceeded at endpoint: /api/v1/auth/login/access-token
INFO     httpx:_client.py:1025 HTTP Request: POST http://testserver/api/v1/auth/login/access-token "HTTP/1.1 429 Too Many Requests"
______________ ERROR at setup of test_assign_program_to_trainee _______________

client = <starlette.testclient.TestClient object at 0x0000023025E2DF20>
trainer_user = {'email': 'trainer@test.com', 'id': 1, 'password': 'trainer123'}

    @pytest.fixture()
    def trainer_headers(client: TestClient, trainer_user: dict) -> dict[str, str]:
        """Get authentication headers for trainer user."""
        login_data = {
            "username": trainer_user["email"],
            "password": trainer_user["password"],
        }
        response = client.post(
            f"{settings.API_V1_STR}/auth/login/access-token", data=login_data
        )
>       assert response.status_code == 200, f"Trainer login failed: {response.text}"
E       AssertionError: Trainer login failed: {"error":"Rate limit exceeded: 5 per 1 minute"}
E       assert 429 == 200
E        +  where 429 = <Response [429 Too Many Requests]>.status_code

tests\conftest.py:212: AssertionError
---------------------------- Captured stdout setup ----------------------------
{"timestamp": "2025-11-27 16:07:07,379", "level": "WARNING", "message": "ratelimit 5 per 1 minute (testclient) exceeded at endpoint: /api/v1/auth/login/access-token", "module": "extension", "function": "__evaluate_limits", "line": 510, "request_id": "774c989e-7b75-45f8-b4c1-5cbaa921f72d"}
{"timestamp": "2025-11-27 16:07:07,381", "level": "INFO", "message": "HTTP Request: POST http://testserver/api/v1/auth/login/access-token \"HTTP/1.1 429 Too Many Requests\"", "module": "_client", "function": "_send_single_request", "line": 1025}
----------------------------- Captured log setup ------------------------------
WARNING  slowapi:extension.py:510 ratelimit 5 per 1 minute (testclient) exceeded at endpoint: /api/v1/auth/login/access-token
INFO     httpx:_client.py:1025 HTTP Request: POST http://testserver/api/v1/auth/login/access-token "HTTP/1.1 429 Too Many Requests"
________ ERROR at setup of test_assign_program_to_nonexistent_trainee _________

client = <starlette.testclient.TestClient object at 0x0000023025E2E8B0>
trainer_user = {'email': 'trainer@test.com', 'id': 1, 'password': 'trainer123'}

    @pytest.fixture()
    def trainer_headers(client: TestClient, trainer_user: dict) -> dict[str, str]:
        """Get authentication headers for trainer user."""
        login_data = {
            "username": trainer_user["email"],
            "password": trainer_user["password"],
        }
        response = client.post(
            f"{settings.API_V1_STR}/auth/login/access-token", data=login_data
        )
>       assert response.status_code == 200, f"Trainer login failed: {response.text}"
E       AssertionError: Trainer login failed: {"error":"Rate limit exceeded: 5 per 1 minute"}
E       assert 429 == 200
E        +  where 429 = <Response [429 Too Many Requests]>.status_code

tests\conftest.py:212: AssertionError
---------------------------- Captured stdout setup ----------------------------
{"timestamp": "2025-11-27 16:07:07,434", "level": "WARNING", "message": "ratelimit 5 per 1 minute (testclient) exceeded at endpoint: /api/v1/auth/login/access-token", "module": "extension", "function": "__evaluate_limits", "line": 510, "request_id": "eb98f6fc-6086-476d-98eb-936d000dbca8"}
{"timestamp": "2025-11-27 16:07:07,435", "level": "INFO", "message": "HTTP Request: POST http://testserver/api/v1/auth/login/access-token \"HTTP/1.1 429 Too Many Requests\"", "module": "_client", "function": "_send_single_request", "line": 1025}
----------------------------- Captured log setup ------------------------------
WARNING  slowapi:extension.py:510 ratelimit 5 per 1 minute (testclient) exceeded at endpoint: /api/v1/auth/login/access-token
INFO     httpx:_client.py:1025 HTTP Request: POST http://testserver/api/v1/auth/login/access-token "HTTP/1.1 429 Too Many Requests"
________ ERROR at setup of test_assign_nonexistent_program_to_trainee _________

client = <starlette.testclient.TestClient object at 0x0000023025E2F8A0>
trainer_user = {'email': 'trainer@test.com', 'id': 1, 'password': 'trainer123'}

    @pytest.fixture()
    def trainer_headers(client: TestClient, trainer_user: dict) -> dict[str, str]:
        """Get authentication headers for trainer user."""
        login_data = {
            "username": trainer_user["email"],
            "password": trainer_user["password"],
        }
        response = client.post(
            f"{settings.API_V1_STR}/auth/login/access-token", data=login_data
        )
>       assert response.status_code == 200, f"Trainer login failed: {response.text}"
E       AssertionError: Trainer login failed: {"error":"Rate limit exceeded: 5 per 1 minute"}
E       assert 429 == 200
E        +  where 429 = <Response [429 Too Many Requests]>.status_code

tests\conftest.py:212: AssertionError
---------------------------- Captured stdout setup ----------------------------
{"timestamp": "2025-11-27 16:07:07,480", "level": "WARNING", "message": "ratelimit 5 per 1 minute (testclient) exceeded at endpoint: /api/v1/auth/login/access-token", "module": "extension", "function": "__evaluate_limits", "line": 510, "request_id": "b40bf8c3-9c64-4c15-9af7-2b52f839b4d8"}
{"timestamp": "2025-11-27 16:07:07,481", "level": "INFO", "message": "HTTP Request: POST http://testserver/api/v1/auth/login/access-token \"HTTP/1.1 429 Too Many Requests\"", "module": "_client", "function": "_send_single_request", "line": 1025}
----------------------------- Captured log setup ------------------------------
WARNING  slowapi:extension.py:510 ratelimit 5 per 1 minute (testclient) exceeded at endpoint: /api/v1/auth/login/access-token
INFO     httpx:_client.py:1025 HTTP Request: POST http://testserver/api/v1/auth/login/access-token "HTTP/1.1 429 Too Many Requests"
___________ ERROR at setup of test_create_trainer_as_admin_succeeds ___________

client = <starlette.testclient.TestClient object at 0x0000023025E2C380>
admin_user = {'email': 'admin@test.com', 'id': 1, 'password': 'admin123'}

    @pytest.fixture()
    def admin_headers(client: TestClient, admin_user: dict) -> dict[str, str]:
        """Get authentication headers for admin user."""
        login_data = {
            "username": admin_user["email"],
            "password": admin_user["password"],
        }
        response = client.post(
            f"{settings.API_V1_STR}/auth/login/access-token", data=login_data
        )
>       assert response.status_code == 200, f"Admin login failed: {response.text}"
E       AssertionError: Admin login failed: {"error":"Rate limit exceeded: 5 per 1 minute"}
E       assert 429 == 200
E        +  where 429 = <Response [429 Too Many Requests]>.status_code

tests\conftest.py:227: AssertionError
---------------------------- Captured stdout setup ----------------------------
{"timestamp": "2025-11-27 16:07:07,531", "level": "WARNING", "message": "ratelimit 5 per 1 minute (testclient) exceeded at endpoint: /api/v1/auth/login/access-token", "module": "extension", "function": "__evaluate_limits", "line": 510, "request_id": "13eca324-504f-4697-8dc4-7fa061e1768e"}
{"timestamp": "2025-11-27 16:07:07,533", "level": "INFO", "message": "HTTP Request: POST http://testserver/api/v1/auth/login/access-token \"HTTP/1.1 429 Too Many Requests\"", "module": "_client", "function": "_send_single_request", "line": 1025}
----------------------------- Captured log setup ------------------------------
WARNING  slowapi:extension.py:510 ratelimit 5 per 1 minute (testclient) exceeded at endpoint: /api/v1/auth/login/access-token
INFO     httpx:_client.py:1025 HTTP Request: POST http://testserver/api/v1/auth/login/access-token "HTTP/1.1 429 Too Many Requests"
_________ ERROR at setup of test_create_trainer_as_trainer_forbidden __________

client = <starlette.testclient.TestClient object at 0x0000023025E2FCE0>
trainer_user = {'email': 'trainer@test.com', 'id': 1, 'password': 'trainer123'}

    @pytest.fixture()
    def trainer_headers(client: TestClient, trainer_user: dict) -> dict[str, str]:
        """Get authentication headers for trainer user."""
        login_data = {
            "username": trainer_user["email"],
            "password": trainer_user["password"],
        }
        response = client.post(
            f"{settings.API_V1_STR}/auth/login/access-token", data=login_data
        )
>       assert response.status_code == 200, f"Trainer login failed: {response.text}"
E       AssertionError: Trainer login failed: {"error":"Rate limit exceeded: 5 per 1 minute"}
E       assert 429 == 200
E        +  where 429 = <Response [429 Too Many Requests]>.status_code

tests\conftest.py:212: AssertionError
---------------------------- Captured stdout setup ----------------------------
{"timestamp": "2025-11-27 16:07:07,593", "level": "WARNING", "message": "ratelimit 5 per 1 minute (testclient) exceeded at endpoint: /api/v1/auth/login/access-token", "module": "extension", "function": "__evaluate_limits", "line": 510, "request_id": "2142c101-9dc8-4bd4-8ca3-04c4cadb6ecf"}
{"timestamp": "2025-11-27 16:07:07,595", "level": "INFO", "message": "HTTP Request: POST http://testserver/api/v1/auth/login/access-token \"HTTP/1.1 429 Too Many Requests\"", "module": "_client", "function": "_send_single_request", "line": 1025}
----------------------------- Captured log setup ------------------------------
WARNING  slowapi:extension.py:510 ratelimit 5 per 1 minute (testclient) exceeded at endpoint: /api/v1/auth/login/access-token
INFO     httpx:_client.py:1025 HTTP Request: POST http://testserver/api/v1/auth/login/access-token "HTTP/1.1 429 Too Many Requests"
_________ ERROR at setup of test_create_trainer_as_trainee_forbidden __________

client = <starlette.testclient.TestClient object at 0x0000023025E2D590>
trainee_user = {'email': 'trainee@test.com', 'id': 1, 'password': 'trainee123'}

    @pytest.fixture()
    def trainee_headers(client: TestClient, trainee_user: dict) -> dict[str, str]:
        """Get authentication headers for trainee user."""
        login_data = {
            "username": trainee_user["email"],
            "password": trainee_user["password"],
        }
        response = client.post(
            f"{settings.API_V1_STR}/auth/login/access-token", data=login_data
        )
>       assert response.status_code == 200, f"Trainee login failed: {response.text}"
E       AssertionError: Trainee login failed: {"error":"Rate limit exceeded: 5 per 1 minute"}
E       assert 429 == 200
E        +  where 429 = <Response [429 Too Many Requests]>.status_code

tests\conftest.py:197: AssertionError
---------------------------- Captured stdout setup ----------------------------
{"timestamp": "2025-11-27 16:07:07,650", "level": "WARNING", "message": "ratelimit 5 per 1 minute (testclient) exceeded at endpoint: /api/v1/auth/login/access-token", "module": "extension", "function": "__evaluate_limits", "line": 510, "request_id": "5d87e062-f547-4878-8e1b-711718c1716d"}
{"timestamp": "2025-11-27 16:07:07,652", "level": "INFO", "message": "HTTP Request: POST http://testserver/api/v1/auth/login/access-token \"HTTP/1.1 429 Too Many Requests\"", "module": "_client", "function": "_send_single_request", "line": 1025}
----------------------------- Captured log setup ------------------------------
WARNING  slowapi:extension.py:510 ratelimit 5 per 1 minute (testclient) exceeded at endpoint: /api/v1/auth/login/access-token
INFO     httpx:_client.py:1025 HTTP Request: POST http://testserver/api/v1/auth/login/access-token "HTTP/1.1 429 Too Many Requests"
___________ ERROR at setup of test_update_trainer_as_admin_succeeds ___________

client = <starlette.testclient.TestClient object at 0x0000023025E2D150>
admin_user = {'email': 'admin@test.com', 'id': 1, 'password': 'admin123'}

    @pytest.fixture()
    def admin_headers(client: TestClient, admin_user: dict) -> dict[str, str]:
        """Get authentication headers for admin user."""
        login_data = {
            "username": admin_user["email"],
            "password": admin_user["password"],
        }
        response = client.post(
            f"{settings.API_V1_STR}/auth/login/access-token", data=login_data
        )
>       assert response.status_code == 200, f"Admin login failed: {response.text}"
E       AssertionError: Admin login failed: {"error":"Rate limit exceeded: 5 per 1 minute"}
E       assert 429 == 200
E        +  where 429 = <Response [429 Too Many Requests]>.status_code

tests\conftest.py:227: AssertionError
---------------------------- Captured stdout setup ----------------------------
{"timestamp": "2025-11-27 16:07:07,729", "level": "WARNING", "message": "ratelimit 5 per 1 minute (testclient) exceeded at endpoint: /api/v1/auth/login/access-token", "module": "extension", "function": "__evaluate_limits", "line": 510, "request_id": "8388e407-0876-4d87-9f83-e179f01f5cea"}
{"timestamp": "2025-11-27 16:07:07,731", "level": "INFO", "message": "HTTP Request: POST http://testserver/api/v1/auth/login/access-token \"HTTP/1.1 429 Too Many Requests\"", "module": "_client", "function": "_send_single_request", "line": 1025}
----------------------------- Captured log setup ------------------------------
WARNING  slowapi:extension.py:510 ratelimit 5 per 1 minute (testclient) exceeded at endpoint: /api/v1/auth/login/access-token
INFO     httpx:_client.py:1025 HTTP Request: POST http://testserver/api/v1/auth/login/access-token "HTTP/1.1 429 Too Many Requests"
_________ ERROR at setup of test_update_trainer_as_trainer_forbidden __________

client = <starlette.testclient.TestClient object at 0x00000230259DB570>
admin_user = {'email': 'admin@test.com', 'id': 1, 'password': 'admin123'}

    @pytest.fixture()
    def admin_headers(client: TestClient, admin_user: dict) -> dict[str, str]:
        """Get authentication headers for admin user."""
        login_data = {
            "username": admin_user["email"],
            "password": admin_user["password"],
        }
        response = client.post(
            f"{settings.API_V1_STR}/auth/login/access-token", data=login_data
        )
>       assert response.status_code == 200, f"Admin login failed: {response.text}"
E       AssertionError: Admin login failed: {"error":"Rate limit exceeded: 5 per 1 minute"}
E       assert 429 == 200
E        +  where 429 = <Response [429 Too Many Requests]>.status_code

tests\conftest.py:227: AssertionError
---------------------------- Captured stdout setup ----------------------------
{"timestamp": "2025-11-27 16:07:07,789", "level": "WARNING", "message": "ratelimit 5 per 1 minute (testclient) exceeded at endpoint: /api/v1/auth/login/access-token", "module": "extension", "function": "__evaluate_limits", "line": 510, "request_id": "21b4255f-9e12-4b4f-9f39-3681f66f4c5d"}
{"timestamp": "2025-11-27 16:07:07,790", "level": "INFO", "message": "HTTP Request: POST http://testserver/api/v1/auth/login/access-token \"HTTP/1.1 429 Too Many Requests\"", "module": "_client", "function": "_send_single_request", "line": 1025}
----------------------------- Captured log setup ------------------------------
WARNING  slowapi:extension.py:510 ratelimit 5 per 1 minute (testclient) exceeded at endpoint: /api/v1/auth/login/access-token
INFO     httpx:_client.py:1025 HTTP Request: POST http://testserver/api/v1/auth/login/access-token "HTTP/1.1 429 Too Many Requests"
_________ ERROR at setup of test_update_trainer_as_trainee_forbidden __________

client = <starlette.testclient.TestClient object at 0x0000023025C7F790>
admin_user = {'email': 'admin@test.com', 'id': 1, 'password': 'admin123'}

    @pytest.fixture()
    def admin_headers(client: TestClient, admin_user: dict) -> dict[str, str]:
        """Get authentication headers for admin user."""
        login_data = {
            "username": admin_user["email"],
            "password": admin_user["password"],
        }
        response = client.post(
            f"{settings.API_V1_STR}/auth/login/access-token", data=login_data
        )
>       assert response.status_code == 200, f"Admin login failed: {response.text}"
E       AssertionError: Admin login failed: {"error":"Rate limit exceeded: 5 per 1 minute"}
E       assert 429 == 200
E        +  where 429 = <Response [429 Too Many Requests]>.status_code

tests\conftest.py:227: AssertionError
---------------------------- Captured stdout setup ----------------------------
{"timestamp": "2025-11-27 16:07:07,836", "level": "WARNING", "message": "ratelimit 5 per 1 minute (testclient) exceeded at endpoint: /api/v1/auth/login/access-token", "module": "extension", "function": "__evaluate_limits", "line": 510, "request_id": "784d9c70-6cf9-45f0-9398-6a14f4dbf1d4"}
{"timestamp": "2025-11-27 16:07:07,838", "level": "INFO", "message": "HTTP Request: POST http://testserver/api/v1/auth/login/access-token \"HTTP/1.1 429 Too Many Requests\"", "module": "_client", "function": "_send_single_request", "line": 1025}
----------------------------- Captured log setup ------------------------------
WARNING  slowapi:extension.py:510 ratelimit 5 per 1 minute (testclient) exceeded at endpoint: /api/v1/auth/login/access-token
INFO     httpx:_client.py:1025 HTTP Request: POST http://testserver/api/v1/auth/login/access-token "HTTP/1.1 429 Too Many Requests"
___________ ERROR at setup of test_delete_trainer_as_admin_succeeds ___________

client = <starlette.testclient.TestClient object at 0x0000023025C7F460>
admin_user = {'email': 'admin@test.com', 'id': 1, 'password': 'admin123'}

    @pytest.fixture()
    def admin_headers(client: TestClient, admin_user: dict) -> dict[str, str]:
        """Get authentication headers for admin user."""
        login_data = {
            "username": admin_user["email"],
            "password": admin_user["password"],
        }
        response = client.post(
            f"{settings.API_V1_STR}/auth/login/access-token", data=login_data
        )
>       assert response.status_code == 200, f"Admin login failed: {response.text}"
E       AssertionError: Admin login failed: {"error":"Rate limit exceeded: 5 per 1 minute"}
E       assert 429 == 200
E        +  where 429 = <Response [429 Too Many Requests]>.status_code

tests\conftest.py:227: AssertionError
---------------------------- Captured stdout setup ----------------------------
{"timestamp": "2025-11-27 16:07:07,882", "level": "WARNING", "message": "ratelimit 5 per 1 minute (testclient) exceeded at endpoint: /api/v1/auth/login/access-token", "module": "extension", "function": "__evaluate_limits", "line": 510, "request_id": "be16a5bb-5e03-4108-bf69-c5c6ce741465"}
{"timestamp": "2025-11-27 16:07:07,883", "level": "INFO", "message": "HTTP Request: POST http://testserver/api/v1/auth/login/access-token \"HTTP/1.1 429 Too Many Requests\"", "module": "_client", "function": "_send_single_request", "line": 1025}
----------------------------- Captured log setup ------------------------------
WARNING  slowapi:extension.py:510 ratelimit 5 per 1 minute (testclient) exceeded at endpoint: /api/v1/auth/login/access-token
INFO     httpx:_client.py:1025 HTTP Request: POST http://testserver/api/v1/auth/login/access-token "HTTP/1.1 429 Too Many Requests"
_________ ERROR at setup of test_delete_trainer_as_trainer_forbidden __________

client = <starlette.testclient.TestClient object at 0x0000023025C7DE10>
admin_user = {'email': 'admin@test.com', 'id': 1, 'password': 'admin123'}

    @pytest.fixture()
    def admin_headers(client: TestClient, admin_user: dict) -> dict[str, str]:
        """Get authentication headers for admin user."""
        login_data = {
            "username": admin_user["email"],
            "password": admin_user["password"],
        }
        response = client.post(
            f"{settings.API_V1_STR}/auth/login/access-token", data=login_data
        )
>       assert response.status_code == 200, f"Admin login failed: {response.text}"
E       AssertionError: Admin login failed: {"error":"Rate limit exceeded: 5 per 1 minute"}
E       assert 429 == 200
E        +  where 429 = <Response [429 Too Many Requests]>.status_code

tests\conftest.py:227: AssertionError
---------------------------- Captured stdout setup ----------------------------
{"timestamp": "2025-11-27 16:07:07,940", "level": "WARNING", "message": "ratelimit 5 per 1 minute (testclient) exceeded at endpoint: /api/v1/auth/login/access-token", "module": "extension", "function": "__evaluate_limits", "line": 510, "request_id": "5bc324f3-f8d8-4560-ad16-70c541cac0e1"}
{"timestamp": "2025-11-27 16:07:07,941", "level": "INFO", "message": "HTTP Request: POST http://testserver/api/v1/auth/login/access-token \"HTTP/1.1 429 Too Many Requests\"", "module": "_client", "function": "_send_single_request", "line": 1025}
----------------------------- Captured log setup ------------------------------
WARNING  slowapi:extension.py:510 ratelimit 5 per 1 minute (testclient) exceeded at endpoint: /api/v1/auth/login/access-token
INFO     httpx:_client.py:1025 HTTP Request: POST http://testserver/api/v1/auth/login/access-token "HTTP/1.1 429 Too Many Requests"
_________ ERROR at setup of test_delete_trainer_as_trainee_forbidden __________

client = <starlette.testclient.TestClient object at 0x0000023025E2D480>
admin_user = {'email': 'admin@test.com', 'id': 1, 'password': 'admin123'}

    @pytest.fixture()
    def admin_headers(client: TestClient, admin_user: dict) -> dict[str, str]:
        """Get authentication headers for admin user."""
        login_data = {
            "username": admin_user["email"],
            "password": admin_user["password"],
        }
        response = client.post(
            f"{settings.API_V1_STR}/auth/login/access-token", data=login_data
        )
>       assert response.status_code == 200, f"Admin login failed: {response.text}"
E       AssertionError: Admin login failed: {"error":"Rate limit exceeded: 5 per 1 minute"}
E       assert 429 == 200
E        +  where 429 = <Response [429 Too Many Requests]>.status_code

tests\conftest.py:227: AssertionError
---------------------------- Captured stdout setup ----------------------------
{"timestamp": "2025-11-27 16:07:07,987", "level": "WARNING", "message": "ratelimit 5 per 1 minute (testclient) exceeded at endpoint: /api/v1/auth/login/access-token", "module": "extension", "function": "__evaluate_limits", "line": 510, "request_id": "cf34e03e-d63e-4291-b194-22f2add0a931"}
{"timestamp": "2025-11-27 16:07:07,988", "level": "INFO", "message": "HTTP Request: POST http://testserver/api/v1/auth/login/access-token \"HTTP/1.1 429 Too Many Requests\"", "module": "_client", "function": "_send_single_request", "line": 1025}
----------------------------- Captured log setup ------------------------------
WARNING  slowapi:extension.py:510 ratelimit 5 per 1 minute (testclient) exceeded at endpoint: /api/v1/auth/login/access-token
INFO     httpx:_client.py:1025 HTTP Request: POST http://testserver/api/v1/auth/login/access-token "HTTP/1.1 429 Too Many Requests"
_____________ ERROR at setup of test_read_trainers_public_access ______________

client = <starlette.testclient.TestClient object at 0x0000023025E2DD00>
admin_user = {'email': 'admin@test.com', 'id': 1, 'password': 'admin123'}

    @pytest.fixture()
    def admin_headers(client: TestClient, admin_user: dict) -> dict[str, str]:
        """Get authentication headers for admin user."""
        login_data = {
            "username": admin_user["email"],
            "password": admin_user["password"],
        }
        response = client.post(
            f"{settings.API_V1_STR}/auth/login/access-token", data=login_data
        )
>       assert response.status_code == 200, f"Admin login failed: {response.text}"
E       AssertionError: Admin login failed: {"error":"Rate limit exceeded: 5 per 1 minute"}
E       assert 429 == 200
E        +  where 429 = <Response [429 Too Many Requests]>.status_code

tests\conftest.py:227: AssertionError
---------------------------- Captured stdout setup ----------------------------
{"timestamp": "2025-11-27 16:07:08,051", "level": "WARNING", "message": "ratelimit 5 per 1 minute (testclient) exceeded at endpoint: /api/v1/auth/login/access-token", "module": "extension", "function": "__evaluate_limits", "line": 510, "request_id": "831faef9-83cc-4954-9c98-6e1d66e11951"}
{"timestamp": "2025-11-27 16:07:08,052", "level": "INFO", "message": "HTTP Request: POST http://testserver/api/v1/auth/login/access-token \"HTTP/1.1 429 Too Many Requests\"", "module": "_client", "function": "_send_single_request", "line": 1025}
----------------------------- Captured log setup ------------------------------
WARNING  slowapi:extension.py:510 ratelimit 5 per 1 minute (testclient) exceeded at endpoint: /api/v1/auth/login/access-token
INFO     httpx:_client.py:1025 HTTP Request: POST http://testserver/api/v1/auth/login/access-token "HTTP/1.1 429 Too Many Requests"
__________ ERROR at setup of test_read_trainer_detail_public_access ___________

client = <starlette.testclient.TestClient object at 0x0000023025EB3AC0>
admin_user = {'email': 'admin@test.com', 'id': 1, 'password': 'admin123'}

    @pytest.fixture()
    def admin_headers(client: TestClient, admin_user: dict) -> dict[str, str]:
        """Get authentication headers for admin user."""
        login_data = {
            "username": admin_user["email"],
            "password": admin_user["password"],
        }
        response = client.post(
            f"{settings.API_V1_STR}/auth/login/access-token", data=login_data
        )
>       assert response.status_code == 200, f"Admin login failed: {response.text}"
E       AssertionError: Admin login failed: {"error":"Rate limit exceeded: 5 per 1 minute"}
E       assert 429 == 200
E        +  where 429 = <Response [429 Too Many Requests]>.status_code

tests\conftest.py:227: AssertionError
---------------------------- Captured stdout setup ----------------------------
{"timestamp": "2025-11-27 16:07:08,097", "level": "WARNING", "message": "ratelimit 5 per 1 minute (testclient) exceeded at endpoint: /api/v1/auth/login/access-token", "module": "extension", "function": "__evaluate_limits", "line": 510, "request_id": "839cc9bb-0add-45bb-81f7-d12944d6ec7a"}
{"timestamp": "2025-11-27 16:07:08,098", "level": "INFO", "message": "HTTP Request: POST http://testserver/api/v1/auth/login/access-token \"HTTP/1.1 429 Too Many Requests\"", "module": "_client", "function": "_send_single_request", "line": 1025}
----------------------------- Captured log setup ------------------------------
WARNING  slowapi:extension.py:510 ratelimit 5 per 1 minute (testclient) exceeded at endpoint: /api/v1/auth/login/access-token
INFO     httpx:_client.py:1025 HTTP Request: POST http://testserver/api/v1/auth/login/access-token "HTTP/1.1 429 Too Many Requests"
____________________ ERROR at setup of test_create_trainer ____________________

client = <starlette.testclient.TestClient object at 0x0000023025EB1AE0>
admin_user = {'email': 'admin@test.com', 'id': 1, 'password': 'admin123'}

    @pytest.fixture()
    def admin_headers(client: TestClient, admin_user: dict) -> dict[str, str]:
        """Get authentication headers for admin user."""
        login_data = {
            "username": admin_user["email"],
            "password": admin_user["password"],
        }
        response = client.post(
            f"{settings.API_V1_STR}/auth/login/access-token", data=login_data
        )
>       assert response.status_code == 200, f"Admin login failed: {response.text}"
E       AssertionError: Admin login failed: {"error":"Rate limit exceeded: 5 per 1 minute"}
E       assert 429 == 200
E        +  where 429 = <Response [429 Too Many Requests]>.status_code

tests\conftest.py:227: AssertionError
---------------------------- Captured stdout setup ----------------------------
{"timestamp": "2025-11-27 16:07:08,155", "level": "WARNING", "message": "ratelimit 5 per 1 minute (testclient) exceeded at endpoint: /api/v1/auth/login/access-token", "module": "extension", "function": "__evaluate_limits", "line": 510, "request_id": "1d02c005-3362-4941-a7c4-9bacaf011fc6"}
{"timestamp": "2025-11-27 16:07:08,157", "level": "INFO", "message": "HTTP Request: POST http://testserver/api/v1/auth/login/access-token \"HTTP/1.1 429 Too Many Requests\"", "module": "_client", "function": "_send_single_request", "line": 1025}
----------------------------- Captured log setup ------------------------------
WARNING  slowapi:extension.py:510 ratelimit 5 per 1 minute (testclient) exceeded at endpoint: /api/v1/auth/login/access-token
INFO     httpx:_client.py:1025 HTTP Request: POST http://testserver/api/v1/auth/login/access-token "HTTP/1.1 429 Too Many Requests"
_____________________ ERROR at setup of test_read_trainer _____________________

client = <starlette.testclient.TestClient object at 0x0000023025EB2140>
admin_user = {'email': 'admin@test.com', 'id': 1, 'password': 'admin123'}

    @pytest.fixture()
    def admin_headers(client: TestClient, admin_user: dict) -> dict[str, str]:
        """Get authentication headers for admin user."""
        login_data = {
            "username": admin_user["email"],
            "password": admin_user["password"],
        }
        response = client.post(
            f"{settings.API_V1_STR}/auth/login/access-token", data=login_data
        )
>       assert response.status_code == 200, f"Admin login failed: {response.text}"
E       AssertionError: Admin login failed: {"error":"Rate limit exceeded: 5 per 1 minute"}
E       assert 429 == 200
E        +  where 429 = <Response [429 Too Many Requests]>.status_code

tests\conftest.py:227: AssertionError
---------------------------- Captured stdout setup ----------------------------
{"timestamp": "2025-11-27 16:07:08,221", "level": "WARNING", "message": "ratelimit 5 per 1 minute (testclient) exceeded at endpoint: /api/v1/auth/login/access-token", "module": "extension", "function": "__evaluate_limits", "line": 510, "request_id": "70c941f1-2722-4958-acc3-62aff5f4c961"}
{"timestamp": "2025-11-27 16:07:08,224", "level": "INFO", "message": "HTTP Request: POST http://testserver/api/v1/auth/login/access-token \"HTTP/1.1 429 Too Many Requests\"", "module": "_client", "function": "_send_single_request", "line": 1025}
----------------------------- Captured log setup ------------------------------
WARNING  slowapi:extension.py:510 ratelimit 5 per 1 minute (testclient) exceeded at endpoint: /api/v1/auth/login/access-token
INFO     httpx:_client.py:1025 HTTP Request: POST http://testserver/api/v1/auth/login/access-token "HTTP/1.1 429 Too Many Requests"
____________________ ERROR at setup of test_read_trainers _____________________

client = <starlette.testclient.TestClient object at 0x0000023025EB05A0>
admin_user = {'email': 'admin@test.com', 'id': 1, 'password': 'admin123'}

    @pytest.fixture()
    def admin_headers(client: TestClient, admin_user: dict) -> dict[str, str]:
        """Get authentication headers for admin user."""
        login_data = {
            "username": admin_user["email"],
            "password": admin_user["password"],
        }
        response = client.post(
            f"{settings.API_V1_STR}/auth/login/access-token", data=login_data
        )
>       assert response.status_code == 200, f"Admin login failed: {response.text}"
E       AssertionError: Admin login failed: {"error":"Rate limit exceeded: 5 per 1 minute"}
E       assert 429 == 200
E        +  where 429 = <Response [429 Too Many Requests]>.status_code

tests\conftest.py:227: AssertionError
---------------------------- Captured stdout setup ----------------------------
{"timestamp": "2025-11-27 16:07:08,276", "level": "WARNING", "message": "ratelimit 5 per 1 minute (testclient) exceeded at endpoint: /api/v1/auth/login/access-token", "module": "extension", "function": "__evaluate_limits", "line": 510, "request_id": "1ec23fc9-ff1f-4851-9716-0714fcd76252"}
{"timestamp": "2025-11-27 16:07:08,278", "level": "INFO", "message": "HTTP Request: POST http://testserver/api/v1/auth/login/access-token \"HTTP/1.1 429 Too Many Requests\"", "module": "_client", "function": "_send_single_request", "line": 1025}
----------------------------- Captured log setup ------------------------------
WARNING  slowapi:extension.py:510 ratelimit 5 per 1 minute (testclient) exceeded at endpoint: /api/v1/auth/login/access-token
INFO     httpx:_client.py:1025 HTTP Request: POST http://testserver/api/v1/auth/login/access-token "HTTP/1.1 429 Too Many Requests"
____________________ ERROR at setup of test_update_trainer ____________________

client = <starlette.testclient.TestClient object at 0x0000023025EB3350>
admin_user = {'email': 'admin@test.com', 'id': 1, 'password': 'admin123'}

    @pytest.fixture()
    def admin_headers(client: TestClient, admin_user: dict) -> dict[str, str]:
        """Get authentication headers for admin user."""
        login_data = {
            "username": admin_user["email"],
            "password": admin_user["password"],
        }
        response = client.post(
            f"{settings.API_V1_STR}/auth/login/access-token", data=login_data
        )
>       assert response.status_code == 200, f"Admin login failed: {response.text}"
E       AssertionError: Admin login failed: {"error":"Rate limit exceeded: 5 per 1 minute"}
E       assert 429 == 200
E        +  where 429 = <Response [429 Too Many Requests]>.status_code

tests\conftest.py:227: AssertionError
---------------------------- Captured stdout setup ----------------------------
{"timestamp": "2025-11-27 16:07:08,326", "level": "WARNING", "message": "ratelimit 5 per 1 minute (testclient) exceeded at endpoint: /api/v1/auth/login/access-token", "module": "extension", "function": "__evaluate_limits", "line": 510, "request_id": "336442d4-40ef-4817-93bc-ad32b6968bc4"}
{"timestamp": "2025-11-27 16:07:08,328", "level": "INFO", "message": "HTTP Request: POST http://testserver/api/v1/auth/login/access-token \"HTTP/1.1 429 Too Many Requests\"", "module": "_client", "function": "_send_single_request", "line": 1025}
----------------------------- Captured log setup ------------------------------
WARNING  slowapi:extension.py:510 ratelimit 5 per 1 minute (testclient) exceeded at endpoint: /api/v1/auth/login/access-token
INFO     httpx:_client.py:1025 HTTP Request: POST http://testserver/api/v1/auth/login/access-token "HTTP/1.1 429 Too Many Requests"
____________________ ERROR at setup of test_delete_trainer ____________________

client = <starlette.testclient.TestClient object at 0x0000023025EB3020>
admin_user = {'email': 'admin@test.com', 'id': 1, 'password': 'admin123'}

    @pytest.fixture()
    def admin_headers(client: TestClient, admin_user: dict) -> dict[str, str]:
        """Get authentication headers for admin user."""
        login_data = {
            "username": admin_user["email"],
            "password": admin_user["password"],
        }
        response = client.post(
            f"{settings.API_V1_STR}/auth/login/access-token", data=login_data
        )
>       assert response.status_code == 200, f"Admin login failed: {response.text}"
E       AssertionError: Admin login failed: {"error":"Rate limit exceeded: 5 per 1 minute"}
E       assert 429 == 200
E        +  where 429 = <Response [429 Too Many Requests]>.status_code

tests\conftest.py:227: AssertionError
---------------------------- Captured stdout setup ----------------------------
{"timestamp": "2025-11-27 16:07:08,385", "level": "WARNING", "message": "ratelimit 5 per 1 minute (testclient) exceeded at endpoint: /api/v1/auth/login/access-token", "module": "extension", "function": "__evaluate_limits", "line": 510, "request_id": "52c9bb49-cb58-401f-b10b-03a66d22dbe7"}
{"timestamp": "2025-11-27 16:07:08,387", "level": "INFO", "message": "HTTP Request: POST http://testserver/api/v1/auth/login/access-token \"HTTP/1.1 429 Too Many Requests\"", "module": "_client", "function": "_send_single_request", "line": 1025}
----------------------------- Captured log setup ------------------------------
WARNING  slowapi:extension.py:510 ratelimit 5 per 1 minute (testclient) exceeded at endpoint: /api/v1/auth/login/access-token
INFO     httpx:_client.py:1025 HTTP Request: POST http://testserver/api/v1/auth/login/access-token "HTTP/1.1 429 Too Many Requests"
________________ ERROR at setup of test_start_workout_session _________________

client = <starlette.testclient.TestClient object at 0x0000023025EB1040>
db_session = <sqlalchemy.orm.session.Session object at 0x00000230259D27B0>

    @pytest.fixture()
    def auth_headers(client: TestClient, db_session) -> dict[str, str]:
        """
        Create a test user and return authentication headers with valid JWT token.
        This fixture can be used to authenticate requests in tests.
        """
        # Try to create a test user, but handle the case where it already exists
        user_in = TraineeCreate(
            email="testuser@example.com",
            password="testpassword123",
            first_name="Test",
            last_name="User",
        )
    
        # Check if user already exists
        from app.auth.crud import get_user_by_email
        existing_user = get_user_by_email(db_session, email=user_in.email)
    
        if not existing_user:
            create_user(db_session, obj_in=user_in)
    
        # Log in to get access token
        login_data = {
            "username": "testuser@example.com",
            "password": "testpassword123",
        }
        response = client.post(
            f"{settings.API_V1_STR}/auth/login/access-token", data=login_data
        )
    
>       assert response.status_code == 200, f"Login failed: {response.text}"
E       AssertionError: Login failed: {"error":"Rate limit exceeded: 5 per 1 minute"}
E       assert 429 == 200
E        +  where 429 = <Response [429 Too Many Requests]>.status_code

tests\conftest.py:111: AssertionError
---------------------------- Captured stdout setup ----------------------------
{"timestamp": "2025-11-27 16:07:08,438", "level": "WARNING", "message": "ratelimit 5 per 1 minute (testclient) exceeded at endpoint: /api/v1/auth/login/access-token", "module": "extension", "function": "__evaluate_limits", "line": 510, "request_id": "ee8b03f8-c6f9-4e45-be76-ca431841acc9"}
{"timestamp": "2025-11-27 16:07:08,439", "level": "INFO", "message": "HTTP Request: POST http://testserver/api/v1/auth/login/access-token \"HTTP/1.1 429 Too Many Requests\"", "module": "_client", "function": "_send_single_request", "line": 1025}
----------------------------- Captured log setup ------------------------------
WARNING  slowapi:extension.py:510 ratelimit 5 per 1 minute (testclient) exceeded at endpoint: /api/v1/auth/login/access-token
INFO     httpx:_client.py:1025 HTTP Request: POST http://testserver/api/v1/auth/login/access-token "HTTP/1.1 429 Too Many Requests"
_______________ ERROR at setup of test_log_exercise_in_session ________________

client = <starlette.testclient.TestClient object at 0x0000023025EB0D10>
db_session = <sqlalchemy.orm.session.Session object at 0x00000230259D2CF0>

    @pytest.fixture()
    def auth_headers(client: TestClient, db_session) -> dict[str, str]:
        """
        Create a test user and return authentication headers with valid JWT token.
        This fixture can be used to authenticate requests in tests.
        """
        # Try to create a test user, but handle the case where it already exists
        user_in = TraineeCreate(
            email="testuser@example.com",
            password="testpassword123",
            first_name="Test",
            last_name="User",
        )
    
        # Check if user already exists
        from app.auth.crud import get_user_by_email
        existing_user = get_user_by_email(db_session, email=user_in.email)
    
        if not existing_user:
            create_user(db_session, obj_in=user_in)
    
        # Log in to get access token
        login_data = {
            "username": "testuser@example.com",
            "password": "testpassword123",
        }
        response = client.post(
            f"{settings.API_V1_STR}/auth/login/access-token", data=login_data
        )
    
>       assert response.status_code == 200, f"Login failed: {response.text}"
E       AssertionError: Login failed: {"error":"Rate limit exceeded: 5 per 1 minute"}
E       assert 429 == 200
E        +  where 429 = <Response [429 Too Many Requests]>.status_code

tests\conftest.py:111: AssertionError
---------------------------- Captured stdout setup ----------------------------
{"timestamp": "2025-11-27 16:07:08,485", "level": "WARNING", "message": "ratelimit 5 per 1 minute (testclient) exceeded at endpoint: /api/v1/auth/login/access-token", "module": "extension", "function": "__evaluate_limits", "line": 510, "request_id": "85ce0b2f-684f-4052-b537-7216c78a2c63"}
{"timestamp": "2025-11-27 16:07:08,487", "level": "INFO", "message": "HTTP Request: POST http://testserver/api/v1/auth/login/access-token \"HTTP/1.1 429 Too Many Requests\"", "module": "_client", "function": "_send_single_request", "line": 1025}
----------------------------- Captured log setup ------------------------------
WARNING  slowapi:extension.py:510 ratelimit 5 per 1 minute (testclient) exceeded at endpoint: /api/v1/auth/login/access-token
INFO     httpx:_client.py:1025 HTTP Request: POST http://testserver/api/v1/auth/login/access-token "HTTP/1.1 429 Too Many Requests"
_________________ ERROR at setup of test_end_workout_session __________________

client = <starlette.testclient.TestClient object at 0x0000023025EB0AF0>
db_session = <sqlalchemy.orm.session.Session object at 0x0000023025AEE510>

    @pytest.fixture()
    def auth_headers(client: TestClient, db_session) -> dict[str, str]:
        """
        Create a test user and return authentication headers with valid JWT token.
        This fixture can be used to authenticate requests in tests.
        """
        # Try to create a test user, but handle the case where it already exists
        user_in = TraineeCreate(
            email="testuser@example.com",
            password="testpassword123",
            first_name="Test",
            last_name="User",
        )
    
        # Check if user already exists
        from app.auth.crud import get_user_by_email
        existing_user = get_user_by_email(db_session, email=user_in.email)
    
        if not existing_user:
            create_user(db_session, obj_in=user_in)
    
        # Log in to get access token
        login_data = {
            "username": "testuser@example.com",
            "password": "testpassword123",
        }
        response = client.post(
            f"{settings.API_V1_STR}/auth/login/access-token", data=login_data
        )
    
>       assert response.status_code == 200, f"Login failed: {response.text}"
E       AssertionError: Login failed: {"error":"Rate limit exceeded: 5 per 1 minute"}
E       assert 429 == 200
E        +  where 429 = <Response [429 Too Many Requests]>.status_code

tests\conftest.py:111: AssertionError
---------------------------- Captured stdout setup ----------------------------
{"timestamp": "2025-11-27 16:07:08,532", "level": "WARNING", "message": "ratelimit 5 per 1 minute (testclient) exceeded at endpoint: /api/v1/auth/login/access-token", "module": "extension", "function": "__evaluate_limits", "line": 510, "request_id": "391a86b1-153e-4092-8d8f-db469b82e3a6"}
{"timestamp": "2025-11-27 16:07:08,533", "level": "INFO", "message": "HTTP Request: POST http://testserver/api/v1/auth/login/access-token \"HTTP/1.1 429 Too Many Requests\"", "module": "_client", "function": "_send_single_request", "line": 1025}
----------------------------- Captured log setup ------------------------------
WARNING  slowapi:extension.py:510 ratelimit 5 per 1 minute (testclient) exceeded at endpoint: /api/v1/auth/login/access-token
INFO     httpx:_client.py:1025 HTTP Request: POST http://testserver/api/v1/auth/login/access-token "HTTP/1.1 429 Too Many Requests"
_________________ ERROR at setup of test_read_workout_session _________________

client = <starlette.testclient.TestClient object at 0x0000023025EB0F30>
db_session = <sqlalchemy.orm.session.Session object at 0x0000023025AEE7B0>

    @pytest.fixture()
    def auth_headers(client: TestClient, db_session) -> dict[str, str]:
        """
        Create a test user and return authentication headers with valid JWT token.
        This fixture can be used to authenticate requests in tests.
        """
        # Try to create a test user, but handle the case where it already exists
        user_in = TraineeCreate(
            email="testuser@example.com",
            password="testpassword123",
            first_name="Test",
            last_name="User",
        )
    
        # Check if user already exists
        from app.auth.crud import get_user_by_email
        existing_user = get_user_by_email(db_session, email=user_in.email)
    
        if not existing_user:
            create_user(db_session, obj_in=user_in)
    
        # Log in to get access token
        login_data = {
            "username": "testuser@example.com",
            "password": "testpassword123",
        }
        response = client.post(
            f"{settings.API_V1_STR}/auth/login/access-token", data=login_data
        )
    
>       assert response.status_code == 200, f"Login failed: {response.text}"
E       AssertionError: Login failed: {"error":"Rate limit exceeded: 5 per 1 minute"}
E       assert 429 == 200
E        +  where 429 = <Response [429 Too Many Requests]>.status_code

tests\conftest.py:111: AssertionError
---------------------------- Captured stdout setup ----------------------------
{"timestamp": "2025-11-27 16:07:08,585", "level": "WARNING", "message": "ratelimit 5 per 1 minute (testclient) exceeded at endpoint: /api/v1/auth/login/access-token", "module": "extension", "function": "__evaluate_limits", "line": 510, "request_id": "f1f1ed2a-fcb0-4a88-97da-5fea555b184c"}
{"timestamp": "2025-11-27 16:07:08,587", "level": "INFO", "message": "HTTP Request: POST http://testserver/api/v1/auth/login/access-token \"HTTP/1.1 429 Too Many Requests\"", "module": "_client", "function": "_send_single_request", "line": 1025}
----------------------------- Captured log setup ------------------------------
WARNING  slowapi:extension.py:510 ratelimit 5 per 1 minute (testclient) exceeded at endpoint: /api/v1/auth/login/access-token
INFO     httpx:_client.py:1025 HTTP Request: POST http://testserver/api/v1/auth/login/access-token "HTTP/1.1 429 Too Many Requests"
================================== FAILURES ===================================
__________________________ test_create_exercise_log ___________________________

client = <starlette.testclient.TestClient object at 0x0000023025A6A9E0>
db_session = <sqlalchemy.orm.session.Session object at 0x00000230259D23C0>
auth_headers = {'Authorization': 'Bearer eyJhbGciOiJIUzI1NiIsInR5cCI6IkpXVCJ9.eyJleHAiOjE3NjQyNDA3MjQsInN1YiI6IjEiLCJ0eXBlIjoiYWNjZXNzIn0.TlmiZSJJCtwqraqV5BpfqzmqJSlICMpLHToWiqiBYjM'}

    def test_create_exercise_log(client: TestClient, db_session: Session, auth_headers: dict[str, str]) -> None:
        # Create a workout session and an exercise to associate the exercise log with
        trainee_in = {"first_name": "Test", "last_name": "Trainee", "email": "test.trainee.log@example.com"}
>       trainee = crud_trainee.create(db_session, obj_in=trainee_in)
                  ^^^^^^^^^^^^^^^^^^^^^^^^^^^^^^^^^^^^^^^^^^^^^^^^^^

tests\test_exercise_logs.py:19: 
_ _ _ _ _ _ _ _ _ _ _ _ _ _ _ _ _ _ _ _ _ _ _ _ _ _ _ _ _ _ _ _ _ _ _ _ _ _ _ _
app\crud\crud_trainee.py:42: in create
    db_obj = Trainee(
<string>:4: in __init__
    ???
venv\Lib\site-packages\sqlalchemy\orm\state.py:571: in _initialize_instance
    with util.safe_reraise():
         ^^^^^^^^^^^^^^^^^^^
venv\Lib\site-packages\sqlalchemy\util\langhelpers.py:224: in __exit__
    raise exc_value.with_traceback(exc_tb)
venv\Lib\site-packages\sqlalchemy\orm\state.py:569: in _initialize_instance
    manager.original_init(*mixed[1:], **kwargs)
_ _ _ _ _ _ _ _ _ _ _ _ _ _ _ _ _ _ _ _ _ _ _ _ _ _ _ _ _ _ _ _ _ _ _ _ _ _ _ _

self = <app.models.trainee.Trainee object at 0x0000023025A074D0>
kwargs = {'email': 'test.trainee.log@example.com', 'first_name': 'Test', 'gym_id': None, 'hashed_password': '$pbkdf2-sha256$29000$H4Pw3ptzTonR.j.ndI5RSg$4MKRH1w0iRnK6604.SciS7RfMLsoqxQzgrVU6WkPwNM', ...}
cls_ = <class 'app.models.trainee.Trainee'>, k = 'email'

    def _declarative_constructor(self: Any, **kwargs: Any) -> None:
        """A simple constructor that allows initialization from kwargs.
    
        Sets attributes on the constructed instance using the names and
        values in ``kwargs``.
    
        Only keys that are present as
        attributes of the instance's class are allowed. These could be,
        for example, any mapped columns or relationships.
        """
        cls_ = type(self)
        for k in kwargs:
            if not hasattr(cls_, k):
                raise TypeError(
                    "%r is an invalid keyword argument for %s" % (k, cls_.__name__)
                )
>           setattr(self, k, kwargs[k])
E           AttributeError: property 'email' of 'Trainee' object has no setter

venv\Lib\site-packages\sqlalchemy\orm\decl_base.py:2182: AttributeError
---------------------------- Captured stdout setup ----------------------------
{"timestamp": "2025-11-27 16:07:04,387", "level": "INFO", "message": "HTTP Request: POST http://testserver/api/v1/auth/login/access-token \"HTTP/1.1 200 OK\"", "module": "_client", "function": "_send_single_request", "line": 1025}
----------------------------- Captured log setup ------------------------------
INFO     httpx:_client.py:1025 HTTP Request: POST http://testserver/api/v1/auth/login/access-token "HTTP/1.1 200 OK"
___________________________ test_read_exercise_log ____________________________

client = <starlette.testclient.TestClient object at 0x000002302597E210>
db_session = <sqlalchemy.orm.session.Session object at 0x0000023025AEF4D0>
auth_headers = {'Authorization': 'Bearer eyJhbGciOiJIUzI1NiIsInR5cCI6IkpXVCJ9.eyJleHAiOjE3NjQyNDA3MjQsInN1YiI6IjEiLCJ0eXBlIjoiYWNjZXNzIn0.TlmiZSJJCtwqraqV5BpfqzmqJSlICMpLHToWiqiBYjM'}

    def test_read_exercise_log(client: TestClient, db_session: Session, auth_headers: dict[str, str]) -> None:
        trainee_in = {"first_name": "Test", "last_name": "Trainee", "email": "test.trainee.log2@example.com"}
>       trainee = crud_trainee.create(db_session, obj_in=trainee_in)
                  ^^^^^^^^^^^^^^^^^^^^^^^^^^^^^^^^^^^^^^^^^^^^^^^^^^

tests\test_exercise_logs.py:43: 
_ _ _ _ _ _ _ _ _ _ _ _ _ _ _ _ _ _ _ _ _ _ _ _ _ _ _ _ _ _ _ _ _ _ _ _ _ _ _ _
app\crud\crud_trainee.py:42: in create
    db_obj = Trainee(
<string>:4: in __init__
    ???
venv\Lib\site-packages\sqlalchemy\orm\state.py:571: in _initialize_instance
    with util.safe_reraise():
         ^^^^^^^^^^^^^^^^^^^
venv\Lib\site-packages\sqlalchemy\util\langhelpers.py:224: in __exit__
    raise exc_value.with_traceback(exc_tb)
venv\Lib\site-packages\sqlalchemy\orm\state.py:569: in _initialize_instance
    manager.original_init(*mixed[1:], **kwargs)
_ _ _ _ _ _ _ _ _ _ _ _ _ _ _ _ _ _ _ _ _ _ _ _ _ _ _ _ _ _ _ _ _ _ _ _ _ _ _ _

self = <app.models.trainee.Trainee object at 0x0000023025CA2780>
kwargs = {'email': 'test.trainee.log2@example.com', 'first_name': 'Test', 'gym_id': None, 'hashed_password': '$pbkdf2-sha256$29000$nVMqRag1ptS6N8ZYK4UQwg$tJYXazHLvRYo7.ih6ummjKiqUoaemEID1YizwYTXo6U', ...}
cls_ = <class 'app.models.trainee.Trainee'>, k = 'email'

    def _declarative_constructor(self: Any, **kwargs: Any) -> None:
        """A simple constructor that allows initialization from kwargs.
    
        Sets attributes on the constructed instance using the names and
        values in ``kwargs``.
    
        Only keys that are present as
        attributes of the instance's class are allowed. These could be,
        for example, any mapped columns or relationships.
        """
        cls_ = type(self)
        for k in kwargs:
            if not hasattr(cls_, k):
                raise TypeError(
                    "%r is an invalid keyword argument for %s" % (k, cls_.__name__)
                )
>           setattr(self, k, kwargs[k])
E           AttributeError: property 'email' of 'Trainee' object has no setter

venv\Lib\site-packages\sqlalchemy\orm\decl_base.py:2182: AttributeError
---------------------------- Captured stdout setup ----------------------------
{"timestamp": "2025-11-27 16:07:04,602", "level": "INFO", "message": "HTTP Request: POST http://testserver/api/v1/auth/login/access-token \"HTTP/1.1 200 OK\"", "module": "_client", "function": "_send_single_request", "line": 1025}
----------------------------- Captured log setup ------------------------------
INFO     httpx:_client.py:1025 HTTP Request: POST http://testserver/api/v1/auth/login/access-token "HTTP/1.1 200 OK"
__________________________ test_update_exercise_log ___________________________

client = <starlette.testclient.TestClient object at 0x0000023025C7E140>
db_session = <sqlalchemy.orm.session.Session object at 0x0000023025AEF620>
auth_headers = {'Authorization': 'Bearer eyJhbGciOiJIUzI1NiIsInR5cCI6IkpXVCJ9.eyJleHAiOjE3NjQyNDA3MjQsInN1YiI6IjEiLCJ0eXBlIjoiYWNjZXNzIn0.TlmiZSJJCtwqraqV5BpfqzmqJSlICMpLHToWiqiBYjM'}

    def test_update_exercise_log(client: TestClient, db_session: Session, auth_headers: dict[str, str]) -> None:
        trainee_in = {"first_name": "Test", "last_name": "Trainee", "email": "test.trainee.log3@example.com"}
>       trainee = crud_trainee.create(db_session, obj_in=trainee_in)
                  ^^^^^^^^^^^^^^^^^^^^^^^^^^^^^^^^^^^^^^^^^^^^^^^^^^

tests\test_exercise_logs.py:70: 
_ _ _ _ _ _ _ _ _ _ _ _ _ _ _ _ _ _ _ _ _ _ _ _ _ _ _ _ _ _ _ _ _ _ _ _ _ _ _ _
app\crud\crud_trainee.py:42: in create
    db_obj = Trainee(
<string>:4: in __init__
    ???
venv\Lib\site-packages\sqlalchemy\orm\state.py:571: in _initialize_instance
    with util.safe_reraise():
         ^^^^^^^^^^^^^^^^^^^
venv\Lib\site-packages\sqlalchemy\util\langhelpers.py:224: in __exit__
    raise exc_value.with_traceback(exc_tb)
venv\Lib\site-packages\sqlalchemy\orm\state.py:569: in _initialize_instance
    manager.original_init(*mixed[1:], **kwargs)
_ _ _ _ _ _ _ _ _ _ _ _ _ _ _ _ _ _ _ _ _ _ _ _ _ _ _ _ _ _ _ _ _ _ _ _ _ _ _ _

self = <app.models.trainee.Trainee object at 0x0000023025D78EF0>
kwargs = {'email': 'test.trainee.log3@example.com', 'first_name': 'Test', 'gym_id': None, 'hashed_password': '$pbkdf2-sha256$29000$xLiX8n7vXUspZQxhbM35nw$n.wMyNf8oyohGnTZTmDmBvWOK8M362uUJHtZmlYxjbQ', ...}
cls_ = <class 'app.models.trainee.Trainee'>, k = 'email'

    def _declarative_constructor(self: Any, **kwargs: Any) -> None:
        """A simple constructor that allows initialization from kwargs.
    
        Sets attributes on the constructed instance using the names and
        values in ``kwargs``.
    
        Only keys that are present as
        attributes of the instance's class are allowed. These could be,
        for example, any mapped columns or relationships.
        """
        cls_ = type(self)
        for k in kwargs:
            if not hasattr(cls_, k):
                raise TypeError(
                    "%r is an invalid keyword argument for %s" % (k, cls_.__name__)
                )
>           setattr(self, k, kwargs[k])
E           AttributeError: property 'email' of 'Trainee' object has no setter

venv\Lib\site-packages\sqlalchemy\orm\decl_base.py:2182: AttributeError
---------------------------- Captured stdout setup ----------------------------
{"timestamp": "2025-11-27 16:07:04,778", "level": "INFO", "message": "HTTP Request: POST http://testserver/api/v1/auth/login/access-token \"HTTP/1.1 200 OK\"", "module": "_client", "function": "_send_single_request", "line": 1025}
----------------------------- Captured log setup ------------------------------
INFO     httpx:_client.py:1025 HTTP Request: POST http://testserver/api/v1/auth/login/access-token "HTTP/1.1 200 OK"
__________________________ test_delete_exercise_log ___________________________

client = <starlette.testclient.TestClient object at 0x00000230259DAE00>
db_session = <sqlalchemy.orm.session.Session object at 0x00000230259D2900>
auth_headers = {'Authorization': 'Bearer eyJhbGciOiJIUzI1NiIsInR5cCI6IkpXVCJ9.eyJleHAiOjE3NjQyNDA3MjUsInN1YiI6IjEiLCJ0eXBlIjoiYWNjZXNzIn0.deMVkYLXnBdefHVcGaQNgpYO3lmIOfzp6kZ0wJ7gpnw'}

    def test_delete_exercise_log(client: TestClient, db_session: Session, auth_headers: dict[str, str]) -> None:
        trainee_in = {"first_name": "Test", "last_name": "Trainee", "email": "test.trainee.log4@example.com"}
>       trainee = crud_trainee.create(db_session, obj_in=trainee_in)
                  ^^^^^^^^^^^^^^^^^^^^^^^^^^^^^^^^^^^^^^^^^^^^^^^^^^

tests\test_exercise_logs.py:94: 
_ _ _ _ _ _ _ _ _ _ _ _ _ _ _ _ _ _ _ _ _ _ _ _ _ _ _ _ _ _ _ _ _ _ _ _ _ _ _ _
app\crud\crud_trainee.py:42: in create
    db_obj = Trainee(
<string>:4: in __init__
    ???
venv\Lib\site-packages\sqlalchemy\orm\state.py:571: in _initialize_instance
    with util.safe_reraise():
         ^^^^^^^^^^^^^^^^^^^
venv\Lib\site-packages\sqlalchemy\util\langhelpers.py:224: in __exit__
    raise exc_value.with_traceback(exc_tb)
venv\Lib\site-packages\sqlalchemy\orm\state.py:569: in _initialize_instance
    manager.original_init(*mixed[1:], **kwargs)
_ _ _ _ _ _ _ _ _ _ _ _ _ _ _ _ _ _ _ _ _ _ _ _ _ _ _ _ _ _ _ _ _ _ _ _ _ _ _ _

self = <app.models.trainee.Trainee object at 0x00000230259DB8A0>
kwargs = {'email': 'test.trainee.log4@example.com', 'first_name': 'Test', 'gym_id': None, 'hashed_password': '$pbkdf2-sha256$29000$hrC21jpHiPH./x/DOCcEwA$FioFM7t2KFH00o0EEVckN6yAFytM1RmaI1f9yjHmg18', ...}
cls_ = <class 'app.models.trainee.Trainee'>, k = 'email'

    def _declarative_constructor(self: Any, **kwargs: Any) -> None:
        """A simple constructor that allows initialization from kwargs.
    
        Sets attributes on the constructed instance using the names and
        values in ``kwargs``.
    
        Only keys that are present as
        attributes of the instance's class are allowed. These could be,
        for example, any mapped columns or relationships.
        """
        cls_ = type(self)
        for k in kwargs:
            if not hasattr(cls_, k):
                raise TypeError(
                    "%r is an invalid keyword argument for %s" % (k, cls_.__name__)
                )
>           setattr(self, k, kwargs[k])
E           AttributeError: property 'email' of 'Trainee' object has no setter

venv\Lib\site-packages\sqlalchemy\orm\decl_base.py:2182: AttributeError
---------------------------- Captured stdout setup ----------------------------
{"timestamp": "2025-11-27 16:07:05,010", "level": "INFO", "message": "HTTP Request: POST http://testserver/api/v1/auth/login/access-token \"HTTP/1.1 200 OK\"", "module": "_client", "function": "_send_single_request", "line": 1025}
----------------------------- Captured log setup ------------------------------
INFO     httpx:_client.py:1025 HTTP Request: POST http://testserver/api/v1/auth/login/access-token "HTTP/1.1 200 OK"
============================== warnings summary ===============================
app\db\base_class.py:3
  C:\Users\Vihaan\Desktop\Planner\backend\app\db\base_class.py:3: MovedIn20Warning: The ``as_declarative()`` function is now available as sqlalchemy.orm.as_declarative() (deprecated since: 2.0) (Background on SQLAlchemy 2.0 at: https://sqlalche.me/e/b8d9)
    @as_declarative()

app\schemas\gym.py:11
  C:\Users\Vihaan\Desktop\Planner\backend\app\schemas\gym.py:11: PydanticDeprecatedSince20: Pydantic V1 style `@validator` validators are deprecated. You should migrate to Pydantic V2 style `@field_validator` validators, see the migration guide for more details. Deprecated in Pydantic V2.0 to be removed in V3.0. See Pydantic V2 Migration Guide at https://errors.pydantic.dev/2.12/migration/
    @validator('name')

app\schemas\gym.py:15
  C:\Users\Vihaan\Desktop\Planner\backend\app\schemas\gym.py:15: PydanticDeprecatedSince20: Pydantic V1 style `@validator` validators are deprecated. You should migrate to Pydantic V2 style `@field_validator` validators, see the migration guide for more details. Deprecated in Pydantic V2.0 to be removed in V3.0. See Pydantic V2 Migration Guide at https://errors.pydantic.dev/2.12/migration/
    @validator('address')

app\schemas\gym.py:30
  C:\Users\Vihaan\Desktop\Planner\backend\app\schemas\gym.py:30: PydanticDeprecatedSince20: Pydantic V1 style `@validator` validators are deprecated. You should migrate to Pydantic V2 style `@field_validator` validators, see the migration guide for more details. Deprecated in Pydantic V2.0 to be removed in V3.0. See Pydantic V2 Migration Guide at https://errors.pydantic.dev/2.12/migration/
    @validator('name')

app\schemas\gym.py:36
  C:\Users\Vihaan\Desktop\Planner\backend\app\schemas\gym.py:36: PydanticDeprecatedSince20: Pydantic V1 style `@validator` validators are deprecated. You should migrate to Pydantic V2 style `@field_validator` validators, see the migration guide for more details. Deprecated in Pydantic V2.0 to be removed in V3.0. See Pydantic V2 Migration Guide at https://errors.pydantic.dev/2.12/migration/
    @validator('address')

app\schemas\gym.py:43
  C:\Users\Vihaan\Desktop\Planner\backend\app\schemas\gym.py:43: PydanticDeprecatedSince20: Support for class-based `config` is deprecated, use ConfigDict instead. Deprecated in Pydantic V2.0 to be removed in V3.0. See Pydantic V2 Migration Guide at https://errors.pydantic.dev/2.12/migration/
    class Gym(GymBase):

venv\Lib\site-packages\pydantic\_internal\_config.py:383
venv\Lib\site-packages\pydantic\_internal\_config.py:383
venv\Lib\site-packages\pydantic\_internal\_config.py:383
venv\Lib\site-packages\pydantic\_internal\_config.py:383
venv\Lib\site-packages\pydantic\_internal\_config.py:383
  C:\Users\Vihaan\Desktop\Planner\backend\venv\Lib\site-packages\pydantic\_internal\_config.py:383: UserWarning: Valid config keys have changed in V2:
  * 'orm_mode' has been renamed to 'from_attributes'
    warnings.warn(message, UserWarning)

app\schemas\trainer.py:14
  C:\Users\Vihaan\Desktop\Planner\backend\app\schemas\trainer.py:14: PydanticDeprecatedSince20: Pydantic V1 style `@validator` validators are deprecated. You should migrate to Pydantic V2 style `@field_validator` validators, see the migration guide for more details. Deprecated in Pydantic V2.0 to be removed in V3.0. See Pydantic V2 Migration Guide at https://errors.pydantic.dev/2.12/migration/
    @validator('first_name', 'last_name')

app\schemas\trainer.py:29
  C:\Users\Vihaan\Desktop\Planner\backend\app\schemas\trainer.py:29: PydanticDeprecatedSince20: Pydantic V1 style `@validator` validators are deprecated. You should migrate to Pydantic V2 style `@field_validator` validators, see the migration guide for more details. Deprecated in Pydantic V2.0 to be removed in V3.0. See Pydantic V2 Migration Guide at https://errors.pydantic.dev/2.12/migration/
    @validator('first_name', 'last_name')

app\schemas\trainer.py:36
  C:\Users\Vihaan\Desktop\Planner\backend\app\schemas\trainer.py:36: PydanticDeprecatedSince20: Support for class-based `config` is deprecated, use ConfigDict instead. Deprecated in Pydantic V2.0 to be removed in V3.0. See Pydantic V2 Migration Guide at https://errors.pydantic.dev/2.12/migration/
    class Trainer(TrainerBase):

app\schemas\program.py:17
  C:\Users\Vihaan\Desktop\Planner\backend\app\schemas\program.py:17: PydanticDeprecatedSince20: Pydantic V1 style `@validator` validators are deprecated. You should migrate to Pydantic V2 style `@field_validator` validators, see the migration guide for more details. Deprecated in Pydantic V2.0 to be removed in V3.0. See Pydantic V2 Migration Guide at https://errors.pydantic.dev/2.12/migration/
    @validator('name')

app\schemas\program.py:21
  C:\Users\Vihaan\Desktop\Planner\backend\app\schemas\program.py:21: PydanticDeprecatedSince20: Pydantic V1 style `@validator` validators are deprecated. You should migrate to Pydantic V2 style `@field_validator` validators, see the migration guide for more details. Deprecated in Pydantic V2.0 to be removed in V3.0. See Pydantic V2 Migration Guide at https://errors.pydantic.dev/2.12/migration/
    @validator('description')

app\schemas\exercise.py:16
  C:\Users\Vihaan\Desktop\Planner\backend\app\schemas\exercise.py:16: PydanticDeprecatedSince20: Pydantic V1 style `@validator` validators are deprecated. You should migrate to Pydantic V2 style `@field_validator` validators, see the migration guide for more details. Deprecated in Pydantic V2.0 to be removed in V3.0. See Pydantic V2 Migration Guide at https://errors.pydantic.dev/2.12/migration/
    @validator('name')

app\schemas\exercise.py:20
  C:\Users\Vihaan\Desktop\Planner\backend\app\schemas\exercise.py:20: PydanticDeprecatedSince20: Pydantic V1 style `@validator` validators are deprecated. You should migrate to Pydantic V2 style `@field_validator` validators, see the migration guide for more details. Deprecated in Pydantic V2.0 to be removed in V3.0. See Pydantic V2 Migration Guide at https://errors.pydantic.dev/2.12/migration/
    @validator('description')

app\schemas\exercise.py:26
  C:\Users\Vihaan\Desktop\Planner\backend\app\schemas\exercise.py:26: PydanticDeprecatedSince20: Pydantic V1 style `@validator` validators are deprecated. You should migrate to Pydantic V2 style `@field_validator` validators, see the migration guide for more details. Deprecated in Pydantic V2.0 to be removed in V3.0. See Pydantic V2 Migration Guide at https://errors.pydantic.dev/2.12/migration/
    @validator('video_url')

app\schemas\exercise.py:39
  C:\Users\Vihaan\Desktop\Planner\backend\app\schemas\exercise.py:39: PydanticDeprecatedSince20: Support for class-based `config` is deprecated, use ConfigDict instead. Deprecated in Pydantic V2.0 to be removed in V3.0. See Pydantic V2 Migration Guide at https://errors.pydantic.dev/2.12/migration/
    class Exercise(ExerciseBase):

app\schemas\program_exercise.py:15
  C:\Users\Vihaan\Desktop\Planner\backend\app\schemas\program_exercise.py:15: PydanticDeprecatedSince20: Pydantic V1 style `@validator` validators are deprecated. You should migrate to Pydantic V2 style `@field_validator` validators, see the migration guide for more details. Deprecated in Pydantic V2.0 to be removed in V3.0. See Pydantic V2 Migration Guide at https://errors.pydantic.dev/2.12/migration/
    @validator('prescribed_sets')

app\schemas\program_exercise.py:19
  C:\Users\Vihaan\Desktop\Planner\backend\app\schemas\program_exercise.py:19: PydanticDeprecatedSince20: Pydantic V1 style `@validator` validators are deprecated. You should migrate to Pydantic V2 style `@field_validator` validators, see the migration guide for more details. Deprecated in Pydantic V2.0 to be removed in V3.0. See Pydantic V2 Migration Guide at https://errors.pydantic.dev/2.12/migration/
    @validator('prescribed_reps')

app\schemas\program_exercise.py:23
  C:\Users\Vihaan\Desktop\Planner\backend\app\schemas\program_exercise.py:23: PydanticDeprecatedSince20: Pydantic V1 style `@validator` validators are deprecated. You should migrate to Pydantic V2 style `@field_validator` validators, see the migration guide for more details. Deprecated in Pydantic V2.0 to be removed in V3.0. See Pydantic V2 Migration Guide at https://errors.pydantic.dev/2.12/migration/
    @validator('prescribed_weight_kg')

app\schemas\program_exercise.py:40
  C:\Users\Vihaan\Desktop\Planner\backend\app\schemas\program_exercise.py:40: PydanticDeprecatedSince20: Pydantic V1 style `@validator` validators are deprecated. You should migrate to Pydantic V2 style `@field_validator` validators, see the migration guide for more details. Deprecated in Pydantic V2.0 to be removed in V3.0. See Pydantic V2 Migration Guide at https://errors.pydantic.dev/2.12/migration/
    @validator('prescribed_sets')

app\schemas\program_exercise.py:46
  C:\Users\Vihaan\Desktop\Planner\backend\app\schemas\program_exercise.py:46: PydanticDeprecatedSince20: Pydantic V1 style `@validator` validators are deprecated. You should migrate to Pydantic V2 style `@field_validator` validators, see the migration guide for more details. Deprecated in Pydantic V2.0 to be removed in V3.0. See Pydantic V2 Migration Guide at https://errors.pydantic.dev/2.12/migration/
    @validator('prescribed_reps')

app\schemas\program_exercise.py:52
  C:\Users\Vihaan\Desktop\Planner\backend\app\schemas\program_exercise.py:52: PydanticDeprecatedSince20: Pydantic V1 style `@validator` validators are deprecated. You should migrate to Pydantic V2 style `@field_validator` validators, see the migration guide for more details. Deprecated in Pydantic V2.0 to be removed in V3.0. See Pydantic V2 Migration Guide at https://errors.pydantic.dev/2.12/migration/
    @validator('prescribed_weight_kg')

app\schemas\program_exercise.py:59
  C:\Users\Vihaan\Desktop\Planner\backend\app\schemas\program_exercise.py:59: PydanticDeprecatedSince20: Support for class-based `config` is deprecated, use ConfigDict instead. Deprecated in Pydantic V2.0 to be removed in V3.0. See Pydantic V2 Migration Guide at https://errors.pydantic.dev/2.12/migration/
    class ProgramExercise(ProgramExerciseBase):

app\schemas\program.py:40
  C:\Users\Vihaan\Desktop\Planner\backend\app\schemas\program.py:40: PydanticDeprecatedSince20: Support for class-based `config` is deprecated, use ConfigDict instead. Deprecated in Pydantic V2.0 to be removed in V3.0. See Pydantic V2 Migration Guide at https://errors.pydantic.dev/2.12/migration/
    class Program(ProgramBase):

app\schemas\trainee.py:25
  C:\Users\Vihaan\Desktop\Planner\backend\app\schemas\trainee.py:25: PydanticDeprecatedSince20: Pydantic V1 style `@validator` validators are deprecated. You should migrate to Pydantic V2 style `@field_validator` validators, see the migration guide for more details. Deprecated in Pydantic V2.0 to be removed in V3.0. See Pydantic V2 Migration Guide at https://errors.pydantic.dev/2.12/migration/
    @validator('first_name', 'last_name')

app\schemas\trainee.py:38
  C:\Users\Vihaan\Desktop\Planner\backend\app\schemas\trainee.py:38: PydanticDeprecatedSince20: Pydantic V1 style `@validator` validators are deprecated. You should migrate to Pydantic V2 style `@field_validator` validators, see the migration guide for more details. Deprecated in Pydantic V2.0 to be removed in V3.0. See Pydantic V2 Migration Guide at https://errors.pydantic.dev/2.12/migration/
    @validator('password')

app\schemas\trainee.py:51
  C:\Users\Vihaan\Desktop\Planner\backend\app\schemas\trainee.py:51: PydanticDeprecatedSince20: Pydantic V1 style `@validator` validators are deprecated. You should migrate to Pydantic V2 style `@field_validator` validators, see the migration guide for more details. Deprecated in Pydantic V2.0 to be removed in V3.0. See Pydantic V2 Migration Guide at https://errors.pydantic.dev/2.12/migration/
    @validator('first_name', 'last_name')

app\schemas\trainee.py:58
  C:\Users\Vihaan\Desktop\Planner\backend\app\schemas\trainee.py:58: PydanticDeprecatedSince20: Support for class-based `config` is deprecated, use ConfigDict instead. Deprecated in Pydantic V2.0 to be removed in V3.0. See Pydantic V2 Migration Guide at https://errors.pydantic.dev/2.12/migration/
    class Trainee(TraineeBase):

app\schemas\health_metric.py:28
  C:\Users\Vihaan\Desktop\Planner\backend\app\schemas\health_metric.py:28: PydanticDeprecatedSince20: Pydantic V1 style `@validator` validators are deprecated. You should migrate to Pydantic V2 style `@field_validator` validators, see the migration guide for more details. Deprecated in Pydantic V2.0 to be removed in V3.0. See Pydantic V2 Migration Guide at https://errors.pydantic.dev/2.12/migration/
    @validator('height_cm')

app\schemas\health_metric.py:34
  C:\Users\Vihaan\Desktop\Planner\backend\app\schemas\health_metric.py:34: PydanticDeprecatedSince20: Pydantic V1 style `@validator` validators are deprecated. You should migrate to Pydantic V2 style `@field_validator` validators, see the migration guide for more details. Deprecated in Pydantic V2.0 to be removed in V3.0. See Pydantic V2 Migration Guide at https://errors.pydantic.dev/2.12/migration/
    @validator('weight_kg')

app\schemas\health_metric.py:40
  C:\Users\Vihaan\Desktop\Planner\backend\app\schemas\health_metric.py:40: PydanticDeprecatedSince20: Pydantic V1 style `@validator` validators are deprecated. You should migrate to Pydantic V2 style `@field_validator` validators, see the migration guide for more details. Deprecated in Pydantic V2.0 to be removed in V3.0. See Pydantic V2 Migration Guide at https://errors.pydantic.dev/2.12/migration/
    @validator('body_fat_percentage')

app\schemas\health_metric.py:57
  C:\Users\Vihaan\Desktop\Planner\backend\app\schemas\health_metric.py:57: PydanticDeprecatedSince20: Pydantic V1 style `@validator` validators are deprecated. You should migrate to Pydantic V2 style `@field_validator` validators, see the migration guide for more details. Deprecated in Pydantic V2.0 to be removed in V3.0. See Pydantic V2 Migration Guide at https://errors.pydantic.dev/2.12/migration/
    @validator('height_cm')

app\schemas\health_metric.py:63
  C:\Users\Vihaan\Desktop\Planner\backend\app\schemas\health_metric.py:63: PydanticDeprecatedSince20: Pydantic V1 style `@validator` validators are deprecated. You should migrate to Pydantic V2 style `@field_validator` validators, see the migration guide for more details. Deprecated in Pydantic V2.0 to be removed in V3.0. See Pydantic V2 Migration Guide at https://errors.pydantic.dev/2.12/migration/
    @validator('weight_kg')

app\schemas\health_metric.py:69
  C:\Users\Vihaan\Desktop\Planner\backend\app\schemas\health_metric.py:69: PydanticDeprecatedSince20: Pydantic V1 style `@validator` validators are deprecated. You should migrate to Pydantic V2 style `@field_validator` validators, see the migration guide for more details. Deprecated in Pydantic V2.0 to be removed in V3.0. See Pydantic V2 Migration Guide at https://errors.pydantic.dev/2.12/migration/
    @validator('body_fat_percentage')

app\schemas\health_metric.py:76
  C:\Users\Vihaan\Desktop\Planner\backend\app\schemas\health_metric.py:76: PydanticDeprecatedSince20: Support for class-based `config` is deprecated, use ConfigDict instead. Deprecated in Pydantic V2.0 to be removed in V3.0. See Pydantic V2 Migration Guide at https://errors.pydantic.dev/2.12/migration/
    class HealthMetric(HealthMetricBase):

app\schemas\exercise_log.py:17
  C:\Users\Vihaan\Desktop\Planner\backend\app\schemas\exercise_log.py:17: PydanticDeprecatedSince20: Pydantic V1 style `@validator` validators are deprecated. You should migrate to Pydantic V2 style `@field_validator` validators, see the migration guide for more details. Deprecated in Pydantic V2.0 to be removed in V3.0. See Pydantic V2 Migration Guide at https://errors.pydantic.dev/2.12/migration/
    @validator('completed_sets')

app\schemas\exercise_log.py:21
  C:\Users\Vihaan\Desktop\Planner\backend\app\schemas\exercise_log.py:21: PydanticDeprecatedSince20: Pydantic V1 style `@validator` validators are deprecated. You should migrate to Pydantic V2 style `@field_validator` validators, see the migration guide for more details. Deprecated in Pydantic V2.0 to be removed in V3.0. See Pydantic V2 Migration Guide at https://errors.pydantic.dev/2.12/migration/
    @validator('completed_reps')

app\schemas\exercise_log.py:25
  C:\Users\Vihaan\Desktop\Planner\backend\app\schemas\exercise_log.py:25: PydanticDeprecatedSince20: Pydantic V1 style `@validator` validators are deprecated. You should migrate to Pydantic V2 style `@field_validator` validators, see the migration guide for more details. Deprecated in Pydantic V2.0 to be removed in V3.0. See Pydantic V2 Migration Guide at https://errors.pydantic.dev/2.12/migration/
    @validator('completed_weight_kg', 'volume_kg')

app\schemas\exercise_log.py:43
  C:\Users\Vihaan\Desktop\Planner\backend\app\schemas\exercise_log.py:43: PydanticDeprecatedSince20: Pydantic V1 style `@validator` validators are deprecated. You should migrate to Pydantic V2 style `@field_validator` validators, see the migration guide for more details. Deprecated in Pydantic V2.0 to be removed in V3.0. See Pydantic V2 Migration Guide at https://errors.pydantic.dev/2.12/migration/
    @validator('completed_sets')

app\schemas\exercise_log.py:49
  C:\Users\Vihaan\Desktop\Planner\backend\app\schemas\exercise_log.py:49: PydanticDeprecatedSince20: Pydantic V1 style `@validator` validators are deprecated. You should migrate to Pydantic V2 style `@field_validator` validators, see the migration guide for more details. Deprecated in Pydantic V2.0 to be removed in V3.0. See Pydantic V2 Migration Guide at https://errors.pydantic.dev/2.12/migration/
    @validator('completed_reps')

app\schemas\exercise_log.py:55
  C:\Users\Vihaan\Desktop\Planner\backend\app\schemas\exercise_log.py:55: PydanticDeprecatedSince20: Pydantic V1 style `@validator` validators are deprecated. You should migrate to Pydantic V2 style `@field_validator` validators, see the migration guide for more details. Deprecated in Pydantic V2.0 to be removed in V3.0. See Pydantic V2 Migration Guide at https://errors.pydantic.dev/2.12/migration/
    @validator('completed_weight_kg', 'volume_kg')

app\schemas\exercise_log.py:62
  C:\Users\Vihaan\Desktop\Planner\backend\app\schemas\exercise_log.py:62: PydanticDeprecatedSince20: Support for class-based `config` is deprecated, use ConfigDict instead. Deprecated in Pydantic V2.0 to be removed in V3.0. See Pydantic V2 Migration Guide at https://errors.pydantic.dev/2.12/migration/
    class ExerciseLog(ExerciseLogBase):

app\schemas\workout_session.py:25
  C:\Users\Vihaan\Desktop\Planner\backend\app\schemas\workout_session.py:25: PydanticDeprecatedSince20: Support for class-based `config` is deprecated, use ConfigDict instead. Deprecated in Pydantic V2.0 to be removed in V3.0. See Pydantic V2 Migration Guide at https://errors.pydantic.dev/2.12/migration/
    class WorkoutSessionInDBBase(WorkoutSessionBase):

tests/test_exercise_logs.py::test_create_exercise_log
tests/test_exercise_logs.py::test_read_exercise_log
tests/test_exercise_logs.py::test_update_exercise_log
tests/test_exercise_logs.py::test_delete_exercise_log
  C:\Users\Vihaan\Desktop\Planner\backend\app\auth\token.py:19: DeprecationWarning: datetime.datetime.utcnow() is deprecated and scheduled for removal in a future version. Use timezone-aware objects to represent datetimes in UTC: datetime.datetime.now(datetime.UTC).
    expire = datetime.utcnow() + expires_delta

tests/test_exercise_logs.py::test_create_exercise_log
tests/test_exercise_logs.py::test_read_exercise_log
tests/test_exercise_logs.py::test_update_exercise_log
tests/test_exercise_logs.py::test_delete_exercise_log
  C:\Users\Vihaan\Desktop\Planner\backend\app\auth\token.py:40: DeprecationWarning: datetime.datetime.utcnow() is deprecated and scheduled for removal in a future version. Use timezone-aware objects to represent datetimes in UTC: datetime.datetime.now(datetime.UTC).
    expire = datetime.utcnow() + timedelta(days=expires_days or settings.REFRESH_TOKEN_EXPIRE_DAYS)

-- Docs: https://docs.pytest.org/en/stable/how-to/capture-warnings.html
=========================== short test summary info ===========================
FAILED tests/test_exercise_logs.py::test_create_exercise_log - AttributeError...
FAILED tests/test_exercise_logs.py::test_read_exercise_log - AttributeError: ...
FAILED tests/test_exercise_logs.py::test_update_exercise_log - AttributeError...
FAILED tests/test_exercise_logs.py::test_delete_exercise_log - AttributeError...
ERROR tests/test_auth.py::test_login_access_token - pydantic_core._pydantic_c...
ERROR tests/test_auth.py::test_login_incorrect_password - pydantic_core._pyda...
ERROR tests/test_exercises.py::test_create_exercise - AssertionError: Trainer...
ERROR tests/test_exercises.py::test_create_exercise_duplicate_name_returns_400
ERROR tests/test_exercises.py::test_read_exercise - AssertionError: Trainer l...
ERROR tests/test_exercises.py::test_read_exercises - AssertionError: Trainer ...
ERROR tests/test_exercises.py::test_update_exercise - AssertionError: Trainer...
ERROR tests/test_exercises.py::test_delete_exercise - AssertionError: Trainer...
ERROR tests/test_gyms.py::test_create_gym - AssertionError: Login failed: {"e...
ERROR tests/test_gyms.py::test_read_gym - AssertionError: Login failed: {"err...
ERROR tests/test_gyms.py::test_read_gyms - AssertionError: Login failed: {"er...
ERROR tests/test_gyms.py::test_update_gym - AssertionError: Login failed: {"e...
ERROR tests/test_gyms.py::test_delete_gym - AssertionError: Login failed: {"e...
ERROR tests/test_health_metrics.py::test_create_health_metric - AssertionErro...
ERROR tests/test_health_metrics.py::test_read_health_metric - AssertionError:...
ERROR tests/test_health_metrics.py::test_read_health_metrics - AssertionError...
ERROR tests/test_health_metrics.py::test_update_health_metric - AssertionErro...
ERROR tests/test_health_metrics.py::test_delete_health_metric - AssertionErro...
ERROR tests/test_program_exercises.py::test_create_program_exercise - Asserti...
ERROR tests/test_program_exercises.py::test_read_program_exercise - Assertion...
ERROR tests/test_program_exercises.py::test_read_program_exercises - Assertio...
ERROR tests/test_program_exercises.py::test_update_program_exercise - Asserti...
ERROR tests/test_program_exercises.py::test_delete_program_exercise - Asserti...
ERROR tests/test_programs.py::test_create_program_as_trainer_succeeds - Asser...
ERROR tests/test_programs.py::test_create_program_as_admin_succeeds - Asserti...
ERROR tests/test_programs.py::test_create_program_as_trainee_forbidden - Asse...
ERROR tests/test_programs.py::test_read_programs_requires_authentication - As...
ERROR tests/test_programs.py::test_read_program_detail_requires_authentication
ERROR tests/test_programs.py::test_update_program_as_trainer_succeeds - Asser...
ERROR tests/test_programs.py::test_update_program_as_admin_succeeds - Asserti...
ERROR tests/test_programs.py::test_update_program_as_trainee_forbidden - Asse...
ERROR tests/test_programs.py::test_delete_program_as_trainer_succeeds - Asser...
ERROR tests/test_programs.py::test_delete_program_as_admin_succeeds - Asserti...
ERROR tests/test_programs.py::test_delete_program_as_trainee_forbidden - Asse...
ERROR tests/test_programs.py::test_create_program - AssertionError: Trainer l...
ERROR tests/test_programs.py::test_read_program - AssertionError: Trainer log...
ERROR tests/test_programs.py::test_read_programs - AssertionError: Trainer lo...
ERROR tests/test_programs.py::test_update_program - AssertionError: Trainer l...
ERROR tests/test_programs.py::test_delete_program - AssertionError: Trainer l...
ERROR tests/test_trainees.py::test_create_trainee - AssertionError: Login fai...
ERROR tests/test_trainees.py::test_read_trainee - AssertionError: Trainer log...
ERROR tests/test_trainees.py::test_read_trainees - AssertionError: Trainer lo...
ERROR tests/test_trainees.py::test_update_trainee - AssertionError: Trainer l...
ERROR tests/test_trainees.py::test_delete_trainee - AssertionError: Admin log...
ERROR tests/test_trainees.py::test_assign_program_to_trainee - AssertionError...
ERROR tests/test_trainees.py::test_assign_program_to_nonexistent_trainee - As...
ERROR tests/test_trainees.py::test_assign_nonexistent_program_to_trainee - As...
ERROR tests/test_trainers.py::test_create_trainer_as_admin_succeeds - Asserti...
ERROR tests/test_trainers.py::test_create_trainer_as_trainer_forbidden - Asse...
ERROR tests/test_trainers.py::test_create_trainer_as_trainee_forbidden - Asse...
ERROR tests/test_trainers.py::test_update_trainer_as_admin_succeeds - Asserti...
ERROR tests/test_trainers.py::test_update_trainer_as_trainer_forbidden - Asse...
ERROR tests/test_trainers.py::test_update_trainer_as_trainee_forbidden - Asse...
ERROR tests/test_trainers.py::test_delete_trainer_as_admin_succeeds - Asserti...
ERROR tests/test_trainers.py::test_delete_trainer_as_trainer_forbidden - Asse...
ERROR tests/test_trainers.py::test_delete_trainer_as_trainee_forbidden - Asse...
ERROR tests/test_trainers.py::test_read_trainers_public_access - AssertionErr...
ERROR tests/test_trainers.py::test_read_trainer_detail_public_access - Assert...
ERROR tests/test_trainers.py::test_create_trainer - AssertionError: Admin log...
ERROR tests/test_trainers.py::test_read_trainer - AssertionError: Admin login...
ERROR tests/test_trainers.py::test_read_trainers - AssertionError: Admin logi...
ERROR tests/test_trainers.py::test_update_trainer - AssertionError: Admin log...
ERROR tests/test_trainers.py::test_delete_trainer - AssertionError: Admin log...
ERROR tests/test_workout_sessions.py::test_start_workout_session - AssertionE...
ERROR tests/test_workout_sessions.py::test_log_exercise_in_session - Assertio...
ERROR tests/test_workout_sessions.py::test_end_workout_session - AssertionErr...
ERROR tests/test_workout_sessions.py::test_read_workout_session - AssertionEr...
============= 4 failed, 5 passed, 55 warnings, 67 errors in 5.08s =============
